Component: ARM Compiler 5.06 update 7 (build 960) Tool: armlink [4d3601]

==============================================================================

Section Cross References

    startup_stm32f407xx.o(STACK) refers (Special) to heapauxi.o(.text) for __use_two_region_memory
    startup_stm32f407xx.o(HEAP) refers (Special) to heapauxi.o(.text) for __use_two_region_memory
    startup_stm32f407xx.o(RESET) refers (Special) to heapauxi.o(.text) for __use_two_region_memory
    startup_stm32f407xx.o(RESET) refers to startup_stm32f407xx.o(STACK) for __initial_sp
    startup_stm32f407xx.o(RESET) refers to startup_stm32f407xx.o(.text) for Reset_Handler
    startup_stm32f407xx.o(RESET) refers to stm32f4xx_it.o(i.NMI_Handler) for NMI_Handler
    startup_stm32f407xx.o(RESET) refers to stm32f4xx_it.o(i.HardFault_Handler) for HardFault_Handler
    startup_stm32f407xx.o(RESET) refers to stm32f4xx_it.o(i.MemManage_Handler) for MemManage_Handler
    startup_stm32f407xx.o(RESET) refers to stm32f4xx_it.o(i.BusFault_Handler) for BusFault_Handler
    startup_stm32f407xx.o(RESET) refers to stm32f4xx_it.o(i.UsageFault_Handler) for UsageFault_Handler
    startup_stm32f407xx.o(RESET) refers to port.o(.emb_text) for SVC_Handler
    startup_stm32f407xx.o(RESET) refers to stm32f4xx_it.o(i.DebugMon_Handler) for DebugMon_Handler
    startup_stm32f407xx.o(RESET) refers to stm32f4xx_it.o(i.SysTick_Handler) for SysTick_Handler
    startup_stm32f407xx.o(RESET) refers to stm32f4xx_it.o(i.EXTI0_IRQHandler) for EXTI0_IRQHandler
    startup_stm32f407xx.o(RESET) refers to stm32f4xx_it.o(i.EXTI3_IRQHandler) for EXTI3_IRQHandler
    startup_stm32f407xx.o(RESET) refers to stm32f4xx_it.o(i.EXTI4_IRQHandler) for EXTI4_IRQHandler
    startup_stm32f407xx.o(RESET) refers to stm32f4xx_it.o(i.CAN1_RX0_IRQHandler) for CAN1_RX0_IRQHandler
    startup_stm32f407xx.o(RESET) refers to stm32f4xx_it.o(i.EXTI9_5_IRQHandler) for EXTI9_5_IRQHandler
    startup_stm32f407xx.o(RESET) refers to remote_control.o(i.USART3_IRQHandler) for USART3_IRQHandler
    startup_stm32f407xx.o(RESET) refers to stm32f4xx_it.o(i.TIM8_UP_TIM13_IRQHandler) for TIM8_UP_TIM13_IRQHandler
    startup_stm32f407xx.o(RESET) refers to bsp_i2c.o(i.DMA1_Stream7_IRQHandler) for DMA1_Stream7_IRQHandler
    startup_stm32f407xx.o(RESET) refers to stm32f4xx_it.o(i.DMA2_Stream1_IRQHandler) for DMA2_Stream1_IRQHandler
    startup_stm32f407xx.o(RESET) refers to ins_task.o(i.DMA2_Stream2_IRQHandler) for DMA2_Stream2_IRQHandler
    startup_stm32f407xx.o(RESET) refers to stm32f4xx_it.o(i.CAN2_RX0_IRQHandler) for CAN2_RX0_IRQHandler
    startup_stm32f407xx.o(RESET) refers to stm32f4xx_it.o(i.OTG_FS_IRQHandler) for OTG_FS_IRQHandler
    startup_stm32f407xx.o(RESET) refers to stm32f4xx_it.o(i.DMA2_Stream6_IRQHandler) for DMA2_Stream6_IRQHandler
    startup_stm32f407xx.o(RESET) refers to stm32f4xx_it.o(i.DMA2_Stream7_IRQHandler) for DMA2_Stream7_IRQHandler
    startup_stm32f407xx.o(RESET) refers to referee_usart_task.o(i.USART6_IRQHandler) for USART6_IRQHandler
    startup_stm32f407xx.o(.text) refers (Special) to heapauxi.o(.text) for __use_two_region_memory
    startup_stm32f407xx.o(.text) refers to system_stm32f4xx.o(i.SystemInit) for SystemInit
    startup_stm32f407xx.o(.text) refers to __main.o(!!!main) for __main
    startup_stm32f407xx.o(.text) refers to startup_stm32f407xx.o(HEAP) for Heap_Mem
    startup_stm32f407xx.o(.text) refers to startup_stm32f407xx.o(STACK) for Stack_Mem
    main.o(i.SystemClock_Config) refers to rt_memclr_w.o(.text) for __aeabi_memclr4
    main.o(i.SystemClock_Config) refers to stm32f4xx_hal_rcc.o(i.HAL_RCC_OscConfig) for HAL_RCC_OscConfig
    main.o(i.SystemClock_Config) refers to main.o(i.Error_Handler) for Error_Handler
    main.o(i.SystemClock_Config) refers to stm32f4xx_hal_rcc.o(i.HAL_RCC_ClockConfig) for HAL_RCC_ClockConfig
    main.o(i.SystemClock_Config) refers to stm32f4xx_hal_rcc_ex.o(i.HAL_RCCEx_PeriphCLKConfig) for HAL_RCCEx_PeriphCLKConfig
    main.o(i.main) refers to stm32f4xx_hal.o(i.HAL_Init) for HAL_Init
    main.o(i.main) refers to main.o(i.SystemClock_Config) for SystemClock_Config
    main.o(i.main) refers to gpio.o(i.MX_GPIO_Init) for MX_GPIO_Init
    main.o(i.main) refers to dma.o(i.MX_DMA_Init) for MX_DMA_Init
    main.o(i.main) refers to adc.o(i.MX_ADC1_Init) for MX_ADC1_Init
    main.o(i.main) refers to adc.o(i.MX_ADC3_Init) for MX_ADC3_Init
    main.o(i.main) refers to can.o(i.MX_CAN1_Init) for MX_CAN1_Init
    main.o(i.main) refers to can.o(i.MX_CAN2_Init) for MX_CAN2_Init
    main.o(i.main) refers to i2c.o(i.MX_I2C1_Init) for MX_I2C1_Init
    main.o(i.main) refers to spi.o(i.MX_SPI1_Init) for MX_SPI1_Init
    main.o(i.main) refers to tim.o(i.MX_TIM4_Init) for MX_TIM4_Init
    main.o(i.main) refers to tim.o(i.MX_TIM5_Init) for MX_TIM5_Init
    main.o(i.main) refers to usart.o(i.MX_USART3_UART_Init) for MX_USART3_UART_Init
    main.o(i.main) refers to tim.o(i.MX_TIM8_Init) for MX_TIM8_Init
[...]
    0x0800868c   0x0800868c   0x000000cc   Code   RO         2721    i.I2C_RequestMemoryWrite  stm32f4xx_hal_i2c.o
    0x08008758   0x08008758   0x0000005c   Code   RO         2729    i.I2C_WaitOnBTFFlagUntilTimeout  stm32f4xx_hal_i2c.o
    0x080087b4   0x080087b4   0x00000086   Code   RO         2730    i.I2C_WaitOnFlagUntilTimeout  stm32f4xx_hal_i2c.o
    0x0800883a   0x0800883a   0x000000c4   Code   RO         2731    i.I2C_WaitOnMasterAddressFlagUntilTimeout  stm32f4xx_hal_i2c.o
    0x080088fe   0x080088fe   0x00000080   Code   RO         2732    i.I2C_WaitOnRXNEFlagUntilTimeout  stm32f4xx_hal_i2c.o
    0x0800897e   0x0800897e   0x0000005c   Code   RO         2734    i.I2C_WaitOnTXEFlagUntilTimeout  stm32f4xx_hal_i2c.o
    0x080089da   0x080089da   0x00000002   PAD
    0x080089dc   0x080089dc   0x0000007c   Code   RO         9714    i.INS_cali_gyro     ins_task.o
    0x08008a58   0x08008a58   0x00000048   Code   RO         9715    i.INS_set_cali_gyro  ins_task.o
    0x08008aa0   0x08008aa0   0x00000304   Code   RO         9716    i.INS_task          ins_task.o
    0x08008da4   0x08008da4   0x0000003e   Code   RO         1198    i.IntToUnicode      usbd_desc.o
    0x08008de2   0x08008de2   0x00000094   Code   RO        10877    i.Line_Draw         rm_cilent_ui.o
    0x08008e76   0x08008e76   0x00000002   PAD
    0x08008e78   0x08008e78   0x00000070   Code   RO          386    i.MX_ADC1_Init      adc.o
    0x08008ee8   0x08008ee8   0x00000070   Code   RO          387    i.MX_ADC3_Init      adc.o
    0x08008f58   0x08008f58   0x00000048   Code   RO          434    i.MX_CAN1_Init      can.o
    0x08008fa0   0x08008fa0   0x00000048   Code   RO          435    i.MX_CAN2_Init      can.o
    0x08008fe8   0x08008fe8   0x00000020   Code   RO          483    i.MX_CRC_Init       crc.o
    0x08009008   0x08009008   0x000000b8   Code   RO          523    i.MX_DMA_Init       dma.o
    0x080090c0   0x080090c0   0x00000194   Code   RO          548    i.MX_FREERTOS_Init  freertos.o
    0x08009254   0x08009254   0x00000254   Code   RO          360    i.MX_GPIO_Init      gpio.o
    0x080094a8   0x080094a8   0x0000003c   Code   RO          655    i.MX_I2C1_Init      i2c.o
    0x080094e4   0x080094e4   0x0000003c   Code   RO          656    i.MX_I2C2_Init      i2c.o
    0x08009520   0x08009520   0x0000003c   Code   RO          657    i.MX_I2C3_Init      i2c.o
    0x0800955c   0x0800955c   0x00000020   Code   RO          709    i.MX_RNG_Init       rng.o
    0x0800957c   0x0800957c   0x00000034   Code   RO          751    i.MX_RTC_Init       rtc.o
    0x080095b0   0x080095b0   0x00000048   Code   RO          793    i.MX_SPI1_Init      spi.o
    0x080095f8   0x080095f8   0x00000048   Code   RO          794    i.MX_SPI2_Init      spi.o
    0x08009640   0x08009640   0x0000006c   Code   RO          842    i.MX_TIM10_Init     tim.o
    0x080096ac   0x080096ac   0x0000010c   Code   RO          843    i.MX_TIM1_Init      tim.o
    0x080097b8   0x080097b8   0x000000a4   Code   RO          844    i.MX_TIM3_Init      tim.o
    0x0800985c   0x0800985c   0x000000a4   Code   RO          845    i.MX_TIM4_Init      tim.o
    0x08009900   0x08009900   0x000000c4   Code   RO          846    i.MX_TIM5_Init      tim.o
    0x080099c4   0x080099c4   0x000000f8   Code   RO          847    i.MX_TIM8_Init      tim.o
    0x08009abc   0x08009abc   0x00000038   Code   RO          919    i.MX_USART1_UART_Init  usart.o
    0x08009af4   0x08009af4   0x0000003c   Code   RO          920    i.MX_USART3_UART_Init  usart.o
    0x08009b30   0x08009b30   0x00000038   Code   RO          921    i.MX_USART6_UART_Init  usart.o
    0x08009b68   0x08009b68   0x0000004c   Code   RO          971    i.MX_USB_DEVICE_Init  usb_device.o
    0x08009bb4   0x08009bb4   0x00000004   Code   RO         1369    i.MemManage_Handler  stm32f4xx_it.o
    0x08009bb8   0x08009bb8   0x00000002   Code   RO         1370    i.NMI_Handler       stm32f4xx_it.o
    0x08009bba   0x08009bba   0x00000002   PAD
    0x08009bbc   0x08009bbc   0x00000018   Code   RO        12206    i.NominalDOB_Init   pid.o
    0x08009bd4   0x08009bd4   0x0000005e   Code   RO        12207    i.NominalDOB_Update  pid.o
    0x08009c32   0x08009c32   0x00000002   PAD
    0x08009c34   0x08009c34   0x00000010   Code   RO         1371    i.OTG_FS_IRQHandler  stm32f4xx_it.o
    0x08009c44   0x08009c44   0x0000008c   Code   RO         1546    i.PCD_EP_OutSetupPacket_int  stm32f4xx_hal_pcd.o
    0x08009cd0   0x08009cd0   0x00000180   Code   RO         1547    i.PCD_EP_OutXfrComplete_int  stm32f4xx_hal_pcd.o
    0x08009e50   0x08009e50   0x000000b6   Code   RO         1548    i.PCD_WriteEmptyTxFifo  stm32f4xx_hal_pcd.o
    0x08009f06   0x08009f06   0x00000002   PAD
    0x08009f08   0x08009f08   0x00000228   Code   RO        12208    i.PID_calc          pid.o
    0x0800a130   0x0800a130   0x0000004c   Code   RO        12209    i.PID_clear         pid.o
    0x0800a17c   0x0800a17c   0x00000070   Code   RO        12210    i.PID_init          pid.o
    0x0800a1ec   0x0800a1ec   0x0000009c   Code   RO         8971    i.RC_Init           bsp_rc.o
    0x0800a288   0x0800a288   0x00000374   Code   RO         9149    i.RC_cmd_to_calibrate  calibrate_task.o
    0x0800a5fc   0x0800a5fc   0x00000050   Code   RO         8972    i.RC_restart        bsp_rc.o
    0x0800a64c   0x0800a64c   0x00000018   Code   RO         8973    i.RC_unable         bsp_rc.o
    0x0800a664   0x0800a664   0x0000003e   Code   RO         3257    i.RTC_EnterInitMode  stm32f4xx_hal_rtc.o
    0x0800a6a2   0x0800a6a2   0x00000002   PAD
    0x0800a6a4   0x0800a6a4   0x0000273c   Code   RO         9043    i.SPI1_DMA_enable   bsp_spi.o
    0x0800cde0   0x0800cde0   0x00000180   Code   RO         9044    i.SPI1_DMA_init     bsp_spi.o
    0x0800cf60   0x0800cf60   0x0000006c   Code   RO         3653    i.SPI_EndRxTxTransaction  stm32f4xx_hal_spi.o
    0x0800cfcc   0x0800cfcc   0x000000a8   Code   RO         3658    i.SPI_WaitFlagStateUntilTimeout  stm32f4xx_hal_spi.o
    0x0800d074   0x0800d074   0x0000000c   Code   RO         1372    i.SysTick_Handler   stm32f4xx_it.o
    0x0800d080   0x0800d080   0x000000d4   Code   RO           14    i.SystemClock_Config  main.o
    0x0800d154   0x0800d154   0x00000064   Code   RO         6376    i.SystemInit        system_stm32f4xx.o
    0x0800d1b8   0x0800d1b8   0x00000024   Code   RO         1373    i.TIM8_UP_TIM13_IRQHandler  stm32f4xx_it.o
    0x0800d1dc   0x0800d1dc   0x000000d8   Code   RO         4016    i.TIM_Base_SetConfig  stm32f4xx_hal_tim.o
    0x0800d2b4   0x0800d2b4   0x00000022   Code   RO         4017    i.TIM_CCxChannelCmd  stm32f4xx_hal_tim.o
    0x0800d2d6   0x0800d2d6   0x00000016   Code   RO         4027    i.TIM_ETR_SetConfig  stm32f4xx_hal_tim.o
    0x0800d2ec   0x0800d2ec   0x00000012   Code   RO         4028    i.TIM_ITRx_SetConfig  stm32f4xx_hal_tim.o
    0x0800d2fe   0x0800d2fe   0x00000002   PAD
    0x0800d300   0x0800d300   0x00000070   Code   RO         4029    i.TIM_OC1_SetConfig  stm32f4xx_hal_tim.o
    0x0800d370   0x0800d370   0x0000007c   Code   RO         4030    i.TIM_OC2_SetConfig  stm32f4xx_hal_tim.o
    0x0800d3ec   0x0800d3ec   0x00000078   Code   RO         4031    i.TIM_OC3_SetConfig  stm32f4xx_hal_tim.o
    0x0800d464   0x0800d464   0x00000054   Code   RO         4032    i.TIM_OC4_SetConfig  stm32f4xx_hal_tim.o
    0x0800d4b8   0x0800d4b8   0x00000026   Code   RO         4034    i.TIM_TI1_ConfigInputStage  stm32f4xx_hal_tim.o
    0x0800d4de   0x0800d4de   0x00000028   Code   RO         4036    i.TIM_TI2_ConfigInputStage  stm32f4xx_hal_tim.o
    0x0800d506   0x0800d506   0x00000002   PAD
    0x0800d508   0x0800d508   0x00000368   Code   RO         4917    i.UART_SetConfig    stm32f4xx_hal_uart.o
    0x0800d870   0x0800d870   0x000000f4   Code   RO        10879    i.UI_Delete         rm_cilent_ui.o
    0x0800d964   0x0800d964   0x000000e0   Code   RO        11175    i.UI_ProgressBar_change  ui_progressbar.o
    0x0800da44   0x0800da44   0x000000c8   Code   RO        11176    i.UI_ProgressBar_static  ui_progressbar.o
    0x0800db0c   0x0800db0c   0x0000015c   Code   RO        10880    i.UI_ReFresh        rm_cilent_ui.o
    0x0800dc68   0x0800dc68   0x00000020   Code   RO        10881    i.UI_SendByte       rm_cilent_ui.o
    0x0800dc88   0x0800dc88   0x00000570   Code   RO        10748    i.UI_aimline        user_task.o
    0x0800e1f8   0x0800e1f8   0x00000020   Code   RO        10749    i.UI_car_change     user_task.o
    0x0800e218   0x0800e218   0x00000130   Code   RO        10750    i.UI_car_init       user_task.o
    0x0800e348   0x0800e348   0x00000010   Code   RO        10751    i.UI_car_static     user_task.o
    0x0800e358   0x0800e358   0x0000000a   Code   RO        11098    i.UI_label_change   ui_label.o
    0x0800e362   0x0800e362   0x00000002   PAD
    0x0800e364   0x0800e364   0x00000040   Code   RO        11099    i.UI_label_reset_cache  ui_label.o
    0x0800e3a4   0x0800e3a4   0x00000250   Code   RO        11100    i.UI_label_static   ui_label.o
    0x0800e5f4   0x0800e5f4   0x0000000c   Code   RO        10752    i.UI_send_init      user_task.o
    0x0800e600   0x0800e600   0x00000140   Code   RO         9992    i.USART3_IRQHandler  remote_control.o
    0x0800e740   0x0800e740   0x00000128   Code   RO         9948    i.USART6_IRQHandler  referee_usart_task.o
    0x0800e868   0x0800e868   0x0000007c   Code   RO         8323    i.USBD_CDC_DataIn   usbd_cdc.o
    0x0800e8e4   0x0800e8e4   0x00000034   Code   RO         8324    i.USBD_CDC_DataOut  usbd_cdc.o
    0x0800e918   0x0800e918   0x0000004e   Code   RO         8325    i.USBD_CDC_DeInit   usbd_cdc.o
    0x0800e966   0x0800e966   0x00000032   Code   RO         8326    i.USBD_CDC_EP0_RxReady  usbd_cdc.o
    0x0800e998   0x0800e998   0x00000010   Code   RO         8327    i.USBD_CDC_GetDeviceQualifierDescriptor  usbd_cdc.o
    0x0800e9a8   0x0800e9a8   0x00000010   Code   RO         8328    i.USBD_CDC_GetFSCfgDesc  usbd_cdc.o
    0x0800e9b8   0x0800e9b8   0x00000010   Code   RO         8329    i.USBD_CDC_GetHSCfgDesc  usbd_cdc.o
    0x0800e9c8   0x0800e9c8   0x00000010   Code   RO         8330    i.USBD_CDC_GetOtherSpeedCfgDesc  usbd_cdc.o
    0x0800e9d8   0x0800e9d8   0x000000b8   Code   RO         8331    i.USBD_CDC_Init     usbd_cdc.o
    0x0800ea90   0x0800ea90   0x0000003a   Code   RO         8332    i.USBD_CDC_ReceivePacket  usbd_cdc.o
    0x0800eaca   0x0800eaca   0x0000000e   Code   RO         8333    i.USBD_CDC_RegisterInterface  usbd_cdc.o
    0x0800ead8   0x0800ead8   0x0000000e   Code   RO         8334    i.USBD_CDC_SetRxBuffer  usbd_cdc.o
    0x0800eae6   0x0800eae6   0x00000014   Code   RO         8335    i.USBD_CDC_SetTxBuffer  usbd_cdc.o
    0x0800eafa   0x0800eafa   0x000000f4   Code   RO         8336    i.USBD_CDC_Setup    usbd_cdc.o
    0x0800ebee   0x0800ebee   0x0000003e   Code   RO         8337    i.USBD_CDC_TransmitPacket  usbd_cdc.o
    0x0800ec2c   0x0800ec2c   0x00000016   Code   RO         8030    i.USBD_ClrClassConfig  usbd_core.o
    0x0800ec42   0x0800ec42   0x0000003e   Code   RO         8168    i.USBD_ClrFeature   usbd_ctlreq.o
    0x0800ec80   0x0800ec80   0x00000018   Code   RO         8263    i.USBD_CtlContinueRx  usbd_ioreq.o
    0x0800ec98   0x0800ec98   0x00000018   Code   RO         8264    i.USBD_CtlContinueSendData  usbd_ioreq.o
    0x0800ecb0   0x0800ecb0   0x00000018   Code   RO         8169    i.USBD_CtlError     usbd_ctlreq.o
    0x0800ecc8   0x0800ecc8   0x00000028   Code   RO         8265    i.USBD_CtlPrepareRx  usbd_ioreq.o
    0x0800ecf0   0x0800ecf0   0x0000001a   Code   RO         8266    i.USBD_CtlReceiveStatus  usbd_ioreq.o
    0x0800ed0a   0x0800ed0a   0x00000022   Code   RO         8267    i.USBD_CtlSendData  usbd_ioreq.o
    0x0800ed2c   0x0800ed2c   0x0000001a   Code   RO         8268    i.USBD_CtlSendStatus  usbd_ioreq.o
    0x0800ed46   0x0800ed46   0x00000002   PAD
    0x0800ed48   0x0800ed48   0x00000034   Code   RO         1199    i.USBD_FS_ConfigStrDescriptor  usbd_desc.o
    0x0800ed7c   0x0800ed7c   0x00000010   Code   RO         1200    i.USBD_FS_DeviceDescriptor  usbd_desc.o
    0x0800ed8c   0x0800ed8c   0x00000038   Code   RO         1201    i.USBD_FS_InterfaceStrDescriptor  usbd_desc.o
    0x0800edc4   0x0800edc4   0x00000010   Code   RO         1202    i.USBD_FS_LangIDStrDescriptor  usbd_desc.o
    0x0800edd4   0x0800edd4   0x0000002c   Code   RO         1203    i.USBD_FS_ManufacturerStrDescriptor  usbd_desc.o
    0x0800ee00   0x0800ee00   0x00000040   Code   RO         1204    i.USBD_FS_ProductStrDescriptor  usbd_desc.o
    0x0800ee40   0x0800ee40   0x00000018   Code   RO         1205    i.USBD_FS_SerialStrDescriptor  usbd_desc.o
    0x0800ee58   0x0800ee58   0x00000056   Code   RO         8170    i.USBD_GetConfig    usbd_ctlreq.o
    0x0800eeae   0x0800eeae   0x00000152   Code   RO         8171    i.USBD_GetDescriptor  usbd_ctlreq.o
    0x0800f000   0x0800f000   0x00000014   Code   RO         8172    i.USBD_GetLen       usbd_ctlreq.o
    0x0800f014   0x0800f014   0x0000005a   Code   RO         8173    i.USBD_GetStatus    usbd_ctlreq.o
    0x0800f06e   0x0800f06e   0x00000052   Code   RO         8174    i.USBD_GetString    usbd_ctlreq.o
    0x0800f0c0   0x0800f0c0   0x0000002c   Code   RO         1015    i.USBD_Get_USB_Status  usbd_conf.o
    0x0800f0ec   0x0800f0ec   0x00000032   Code   RO         8032    i.USBD_Init         usbd_core.o
    0x0800f11e   0x0800f11e   0x00000026   Code   RO         1016    i.USBD_LL_ClearStallEP  usbd_conf.o
    0x0800f144   0x0800f144   0x00000026   Code   RO         1017    i.USBD_LL_CloseEP   usbd_conf.o
    0x0800f16a   0x0800f16a   0x00000100   Code   RO         8033    i.USBD_LL_DataInStage  usbd_core.o
    0x0800f26a   0x0800f26a   0x000000a6   Code   RO         8034    i.USBD_LL_DataOutStage  usbd_core.o
    0x0800f310   0x0800f310   0x00000006   Code   RO         8035    i.USBD_LL_DevConnected  usbd_core.o
    0x0800f316   0x0800f316   0x0000001a   Code   RO         8036    i.USBD_LL_DevDisconnected  usbd_core.o
    0x0800f330   0x0800f330   0x00000012   Code   RO         1021    i.USBD_LL_GetRxDataSize  usbd_conf.o
    0x0800f342   0x0800f342   0x00000002   PAD
    0x0800f344   0x0800f344   0x00000068   Code   RO         1022    i.USBD_LL_Init      usbd_conf.o
    0x0800f3ac   0x0800f3ac   0x00000038   Code   RO         1023    i.USBD_LL_IsStallEP  usbd_conf.o
    0x0800f3e4   0x0800f3e4   0x00000006   Code   RO         8037    i.USBD_LL_IsoINIncomplete  usbd_core.o
    0x0800f3ea   0x0800f3ea   0x00000006   Code   RO         8038    i.USBD_LL_IsoOUTIncomplete  usbd_core.o
    0x0800f3f0   0x0800f3f0   0x00000030   Code   RO         1024    i.USBD_LL_OpenEP    usbd_conf.o
    0x0800f420   0x0800f420   0x00000030   Code   RO         1025    i.USBD_LL_PrepareReceive  usbd_conf.o
    0x0800f450   0x0800f450   0x0000005c   Code   RO         8039    i.USBD_LL_Reset     usbd_core.o
    0x0800f4ac   0x0800f4ac   0x0000000e   Code   RO         8040    i.USBD_LL_Resume    usbd_core.o
    0x0800f4ba   0x0800f4ba   0x00000022   Code   RO         8041    i.USBD_LL_SOF       usbd_core.o
    0x0800f4dc   0x0800f4dc   0x00000008   Code   RO         8042    i.USBD_LL_SetSpeed  usbd_core.o
    0x0800f4e4   0x0800f4e4   0x00000026   Code   RO         1026    i.USBD_LL_SetUSBAddress  usbd_conf.o
    0x0800f50a   0x0800f50a   0x0000006e   Code   RO         8043    i.USBD_LL_SetupStage  usbd_core.o
    0x0800f578   0x0800f578   0x00000026   Code   RO         1027    i.USBD_LL_StallEP   usbd_conf.o
    0x0800f59e   0x0800f59e   0x0000001e   Code   RO         1028    i.USBD_LL_Start     usbd_conf.o
    0x0800f5bc   0x0800f5bc   0x00000014   Code   RO         8044    i.USBD_LL_Suspend   usbd_core.o
    0x0800f5d0   0x0800f5d0   0x00000030   Code   RO         1030    i.USBD_LL_Transmit  usbd_conf.o
    0x0800f600   0x0800f600   0x00000028   Code   RO         8175    i.USBD_ParseSetupRequest  usbd_ctlreq.o
    0x0800f628   0x0800f628   0x00000010   Code   RO         8045    i.USBD_RegisterClass  usbd_core.o
    0x0800f638   0x0800f638   0x00000006   Code   RO         8046    i.USBD_RunTestMode  usbd_core.o
    0x0800f63e   0x0800f63e   0x0000005a   Code   RO         8176    i.USBD_SetAddress   usbd_ctlreq.o
    0x0800f698   0x0800f698   0x00000022   Code   RO         8047    i.USBD_SetClassConfig  usbd_core.o
    0x0800f6ba   0x0800f6ba   0x00000002   PAD
    0x0800f6bc   0x0800f6bc   0x000000e8   Code   RO         8177    i.USBD_SetConfig    usbd_ctlreq.o
    0x0800f7a4   0x0800f7a4   0x00000018   Code   RO         8178    i.USBD_SetFeature   usbd_ctlreq.o
    0x0800f7bc   0x0800f7bc   0x0000000e   Code   RO         8048    i.USBD_Start        usbd_core.o
    0x0800f7ca   0x0800f7ca   0x000000a2   Code   RO         8179    i.USBD_StdDevReq    usbd_ctlreq.o
    0x0800f86c   0x0800f86c   0x00000238   Code   RO         8180    i.USBD_StdEPReq     usbd_ctlreq.o
    0x0800faa4   0x0800faa4   0x0000007e   Code   RO         8181    i.USBD_StdItfReq    usbd_ctlreq.o
    0x0800fb22   0x0800fb22   0x00000002   PAD
    0x0800fb24   0x0800fb24   0x000000d0   Code   RO         1782    i.USB_ActivateEndpoint  stm32f4xx_ll_usb.o
    0x0800fbf4   0x0800fbf4   0x00000046   Code   RO         1784    i.USB_ActivateSetup  stm32f4xx_ll_usb.o
    0x0800fc3a   0x0800fc3a   0x00000002   PAD
    0x0800fc3c   0x0800fc3c   0x00000084   Code   RO         1786    i.USB_CoreInit      stm32f4xx_ll_usb.o
    0x0800fcc0   0x0800fcc0   0x0000004c   Code   RO         1787    i.USB_CoreReset     stm32f4xx_ll_usb.o
    0x0800fd0c   0x0800fd0c   0x000000c4   Code   RO         1790    i.USB_DeactivateEndpoint  stm32f4xx_ll_usb.o
    0x0800fdd0   0x0800fdd0   0x00000020   Code   RO         1791    i.USB_DevConnect    stm32f4xx_ll_usb.o
    0x0800fdf0   0x0800fdf0   0x00000020   Code   RO         1792    i.USB_DevDisconnect  stm32f4xx_ll_usb.o
    0x0800fe10   0x0800fe10   0x000001f4   Code   RO         1793    i.USB_DevInit       stm32f4xx_ll_usb.o
    0x08010004   0x08010004   0x0000000e   Code   RO         1794    i.USB_DisableGlobalInt  stm32f4xx_ll_usb.o
    0x08010012   0x08010012   0x00000002   PAD
    0x08010014   0x08010014   0x000001d8   Code   RO         1797    i.USB_EP0StartXfer  stm32f4xx_ll_usb.o
    0x080101ec   0x080101ec   0x00000070   Code   RO         1798    i.USB_EP0_OutStart  stm32f4xx_ll_usb.o
    0x0801025c   0x0801025c   0x0000008e   Code   RO         1799    i.USB_EPClearStall  stm32f4xx_ll_usb.o
    0x080102ea   0x080102ea   0x0000009a   Code   RO         1800    i.USB_EPSetStall    stm32f4xx_ll_usb.o
    0x08010384   0x08010384   0x00000344   Code   RO         1801    i.USB_EPStartXfer   stm32f4xx_ll_usb.o
    0x080106c8   0x080106c8   0x0000000e   Code   RO         1802    i.USB_EnableGlobalInt  stm32f4xx_ll_usb.o
    0x080106d6   0x080106d6   0x00000002   PAD
    0x080106d8   0x080106d8   0x0000002c   Code   RO         1803    i.USB_FlushRxFifo   stm32f4xx_ll_usb.o
    0x08010704   0x08010704   0x00000030   Code   RO         1804    i.USB_FlushTxFifo   stm32f4xx_ll_usb.o
    0x08010734   0x08010734   0x00000026   Code   RO         1806    i.USB_GetDevSpeed   stm32f4xx_ll_usb.o
    0x0801075a   0x0801075a   0x0000000a   Code   RO         1808    i.USB_GetMode       stm32f4xx_ll_usb.o
    0x08010764   0x08010764   0x00000014   Code   RO         1815    i.USB_ReadDevAllInEpInterrupt  stm32f4xx_ll_usb.o
    0x08010778   0x08010778   0x00000014   Code   RO         1816    i.USB_ReadDevAllOutEpInterrupt  stm32f4xx_ll_usb.o
    0x0801078c   0x0801078c   0x00000032   Code   RO         1817    i.USB_ReadDevInEPInterrupt  stm32f4xx_ll_usb.o
    0x080107be   0x080107be   0x0000001a   Code   RO         1818    i.USB_ReadDevOutEPInterrupt  stm32f4xx_ll_usb.o
    0x080107d8   0x080107d8   0x0000000a   Code   RO         1819    i.USB_ReadInterrupts  stm32f4xx_ll_usb.o
    0x080107e2   0x080107e2   0x00000022   Code   RO         1820    i.USB_ReadPacket    stm32f4xx_ll_usb.o
    0x08010804   0x08010804   0x00000036   Code   RO         1822    i.USB_SetCurrentMode  stm32f4xx_ll_usb.o
    0x0801083a   0x0801083a   0x0000002a   Code   RO         1823    i.USB_SetDevAddress  stm32f4xx_ll_usb.o
    0x08010864   0x08010864   0x00000012   Code   RO         1824    i.USB_SetDevSpeed   stm32f4xx_ll_usb.o
    0x08010876   0x08010876   0x00000002   PAD
    0x08010878   0x08010878   0x000000e8   Code   RO         1825    i.USB_SetTurnaroundTime  stm32f4xx_ll_usb.o
    0x08010960   0x08010960   0x0000003c   Code   RO         1828    i.USB_WritePacket   stm32f4xx_ll_usb.o
    0x0801099c   0x0801099c   0x00000004   Code   RO         1374    i.UsageFault_Handler  stm32f4xx_it.o
    0x080109a0   0x080109a0   0x000000c8   Code   RO        10753    i.UserTask          user_task.o
    0x08010a68   0x08010a68   0x00000012   Code   RO        10572    i.Vision_Init       vision.o
    0x08010a7a   0x08010a7a   0x00000002   PAD
    0x08010a7c   0x08010a7c   0x0000009c   Code   RO        10576    i.Vision_mode_switch  vision.o
    0x08010b18   0x08010b18   0x00000024   Code   RO        10577    i.Vision_task       vision.o
    0x08010b3c   0x08010b3c   0x00000030   Code   RO        13120    i.__ARM_fpclassify  m_wm.l(fpclassify.o)
    0x08010b6c   0x08010b6c   0x00000026   Code   RO        13122    i.__ARM_fpclassifyf  m_wm.l(fpclassifyf.o)
    0x08010b92   0x08010b92   0x00000002   PAD
    0x08010b94   0x08010b94   0x00000010   Code   RO         5998    i.__NVIC_GetPriorityGrouping  stm32f4xx_hal_cortex.o
    0x08010ba4   0x08010ba4   0x00000028   Code   RO         5999    i.__NVIC_SetPriority  stm32f4xx_hal_cortex.o
    0x08010bcc   0x08010bcc   0x00000006   Code   RO        11927    i.__get_PRIMASK     fifo.o
    0x08010bd2   0x08010bd2   0x00000002   PAD
    0x08010bd4   0x08010bd4   0x0000012c   Code   RO        12838    i.__hardfp_asinf    m_wm.l(asinf.o)
    0x08010d00   0x08010d00   0x000002ac   Code   RO        12850    i.__hardfp_atan2f   m_wm.l(atan2f.o)
    0x08010fac   0x08010fac   0x00000004   PAD
    0x08010fb0   0x08010fb0   0x000000c8   Code   RO        12862    i.__hardfp_cos      m_wm.l(cos.o)
    0x08011078   0x08011078   0x00000150   Code   RO        12874    i.__hardfp_cosf     m_wm.l(cosf.o)
    0x080111c8   0x080111c8   0x00000358   Code   RO        12886    i.__hardfp_exp      m_wm.l(exp.o)
    0x08011520   0x08011520   0x00000014   Code   RO        12900    i.__hardfp_fabs     m_wm.l(fabs.o)
    0x08011534   0x08011534   0x00000074   Code   RO        12956    i.__hardfp_fmin     m_wm.l(fmin.o)
    0x080115a8   0x080115a8   0x00000c50   Code   RO        12906    i.__hardfp_pow      m_wm.l(pow.o)
    0x080121f8   0x080121f8   0x000000c8   Code   RO        12920    i.__hardfp_sin      m_wm.l(sin.o)
    0x080122c0   0x080122c0   0x00000190   Code   RO        12932    i.__hardfp_sinf     m_wm.l(sinf.o)
    0x08012450   0x08012450   0x0000007a   Code   RO        12960    i.__hardfp_sqrt     m_wm.l(sqrt_full.o)
    0x080124ca   0x080124ca   0x0000003a   Code   RO        12966    i.__hardfp_sqrtf    m_wm.l(sqrtf_full.o)
    0x08012504   0x08012504   0x00000004   PAD
    0x08012508   0x08012508   0x00000438   Code   RO        13141    i.__ieee754_rem_pio2  m_wm.l(rred.o)
    0x08012940   0x08012940   0x00000170   Code   RO        13103    i.__kernel_cos      m_wm.l(cos_i.o)
    0x08012ab0   0x08012ab0   0x000000f8   Code   RO        13138    i.__kernel_poly     m_wm.l(poly.o)
    0x08012ba8   0x08012ba8   0x00000130   Code   RO        13149    i.__kernel_sin      m_wm.l(sin_i.o)
    0x08012cd8   0x08012cd8   0x00000030   Code   RO        13106    i.__mathlib_dbl_divzero  m_wm.l(dunder.o)
    0x08012d08   0x08012d08   0x00000014   Code   RO        13107    i.__mathlib_dbl_infnan  m_wm.l(dunder.o)
    0x08012d1c   0x08012d1c   0x00000014   Code   RO        13108    i.__mathlib_dbl_infnan2  m_wm.l(dunder.o)
    0x08012d30   0x08012d30   0x00000020   Code   RO        13109    i.__mathlib_dbl_invalid  m_wm.l(dunder.o)
    0x08012d50   0x08012d50   0x00000020   Code   RO        13110    i.__mathlib_dbl_overflow  m_wm.l(dunder.o)
    0x08012d70   0x08012d70   0x00000020   Code   RO        13112    i.__mathlib_dbl_underflow  m_wm.l(dunder.o)
    0x08012d90   0x08012d90   0x00000006   Code   RO        13125    i.__mathlib_flt_infnan  m_wm.l(funder.o)
    0x08012d96   0x08012d96   0x00000006   Code   RO        13126    i.__mathlib_flt_infnan2  m_wm.l(funder.o)
    0x08012d9c   0x08012d9c   0x00000010   Code   RO        13127    i.__mathlib_flt_invalid  m_wm.l(funder.o)
    0x08012dac   0x08012dac   0x00000010   Code   RO        13130    i.__mathlib_flt_underflow  m_wm.l(funder.o)
    0x08012dbc   0x08012dbc   0x00000154   Code   RO        13146    i.__mathlib_rredf2  m_wm.l(rredf.o)
    0x08012f10   0x08012f10   0x00000006   Code   RO        11928    i.__set_PRIMASK     fifo.o
    0x08012f16   0x08012f16   0x0000000e   Code   RO        12751    i._is_digit         c_w.l(__printf_wp.o)
    0x08012f24   0x08012f24   0x00000068   Code   RO         8942    i.aRGB_led_show     bsp_led.o
    0x08012f8c   0x08012f8c   0x00000030   Code   RO        11726    i.abs_limit         user_lib.o
    0x08012fbc   0x08012fbc   0x000001d0   Code   RO        12254    i.accel_comple_filter  AHRS.lib(ahrs.o)
    0x0801318c   0x0801318c   0x0000018c   Code   RO        12255    i.accel_update_kp_ki  AHRS.lib(ahrs.o)
    0x08013318   0x08013318   0x0000003c   Code   RO         8428    i.adcx_get_chx_value  bsp_adc.o
    0x08013354   0x08013354   0x0000016c   Code   RO        12256    i.angle_to_quat     AHRS.lib(ahrs.o)
    0x080134c0   0x080134c0   0x00000024   Code   RO        11870    i.append_CRC8_check_sum  crc8_crc16.o
    0x080134e4   0x080134e4   0x00000044   Code   RO        10283    i.battery_voltage_task  voltage_task.o
    0x08013528   0x08013528   0x00000134   Code   RO        11249    i.bmi088_accel_init  bmi088driver.o
    0x0801365c   0x0801365c   0x000002fc   Code   RO        11250    i.bmi088_accel_self_test  bmi088driver.o
    0x08013958   0x08013958   0x000000f4   Code   RO        11251    i.bmi088_gyro_init  bmi088driver.o
    0x08013a4c   0x08013a4c   0x000000d0   Code   RO        11252    i.bmi088_gyro_self_test  bmi088driver.o
    0x08013b1c   0x08013b1c   0x00000010   Code   RO         8575    i.buzzer_off        bsp_buzzer.o
    0x08013b2c   0x08013b2c   0x00000014   Code   RO         8576    i.buzzer_on         bsp_buzzer.o
    0x08013b40   0x08013b40   0x000000b0   Code   RO        10251    i.buzzer_warn_error  test_task.o
    0x08013bf0   0x08013bf0   0x000000e8   Code   RO        10284    i.calc_battery_percentage  voltage_task.o
    0x08013cd8   0x08013cd8   0x00000160   Code   RO        10349    i.calc_gimbal_cali  gimbal_task.o
    0x08013e38   0x08013e38   0x000000ec   Code   RO         9150    i.cali_data_read    calibrate_task.o
    0x08013f24   0x08013f24   0x000001bc   Code   RO         9151    i.cali_data_write   calibrate_task.o
    0x080140e0   0x080140e0   0x0000006c   Code   RO         9152    i.cali_gimbal_hook  calibrate_task.o
    0x0801414c   0x0801414c   0x00000064   Code   RO         9153    i.cali_gyro_hook    calibrate_task.o
    0x080141b0   0x080141b0   0x00000046   Code   RO         9154    i.cali_head_hook    calibrate_task.o
    0x080141f6   0x080141f6   0x00000002   PAD
    0x080141f8   0x080141f8   0x000000b8   Code   RO         9155    i.cali_param_init   calibrate_task.o
    0x080142b0   0x080142b0   0x00000148   Code   RO         9156    i.calibrate_task    calibrate_task.o
    0x080143f8   0x080143f8   0x0000005c   Code   RO         8609    i.can_filter_init   bsp_can.o
    0x08014454   0x08014454   0x00000824   Code   RO        10976    i.car_draw_body     ui_car.o
    0x08014c78   0x08014c78   0x00000128   Code   RO        10977    i.car_draw_head_line  ui_car.o
    0x08014da0   0x08014da0   0x00000016   Code   RO        10979    i.car_init_by_handle  ui_car.o
    0x08014db6   0x08014db6   0x0000006a   Code   RO        10980    i.car_init_head     ui_car.o
    0x08014e20   0x08014e20   0x0000000c   Code   RO        10982    i.car_reset_back_armor_timer  ui_car.o
    0x08014e2c   0x08014e2c   0x0000000c   Code   RO        10983    i.car_reset_front_armor_timer  ui_car.o
    0x08014e38   0x08014e38   0x0000000c   Code   RO        10984    i.car_reset_left_armor_timer  ui_car.o
    0x08014e44   0x08014e44   0x0000000c   Code   RO        10985    i.car_reset_right_armor_timer  ui_car.o
    0x08014e50   0x08014e50   0x00000036   Code   RO        10987    i.car_rotate_body   ui_car.o
    0x08014e86   0x08014e86   0x00000002   PAD
    0x08014e88   0x08014e88   0x000000b8   Code   RO         9380    i.chassis_behaviour_control_set  chassis_behaviour.o
    0x08014f40   0x08014f40   0x000000a0   Code   RO         9381    i.chassis_behaviour_mode_set  chassis_behaviour.o
    0x08014fe0   0x08014fe0   0x000001d8   Code   RO         9543    i.chassis_control_loop  chassis_task.o
    0x080151b8   0x080151b8   0x00000060   Code   RO         9382    i.chassis_engineer_follow_chassis_yaw_control  chassis_behaviour.o
    0x08015218   0x08015218   0x00000164   Code   RO         9544    i.chassis_feedback_update  chassis_task.o
    0x0801537c   0x0801537c   0x0000005a   Code   RO         9383    i.chassis_infantry_follow_gimbal_yaw_control  chassis_behaviour.o
    0x080153d6   0x080153d6   0x00000002   PAD
    0x080153d8   0x080153d8   0x00000110   Code   RO         9545    i.chassis_init      chassis_task.o
    0x080154e8   0x080154e8   0x00000058   Code   RO         9546    i.chassis_mode_change_control_transit  chassis_task.o
    0x08015540   0x08015540   0x00000044   Code   RO         9384    i.chassis_no_follow_yaw_control  chassis_behaviour.o
    0x08015584   0x08015584   0x0000002c   Code   RO         9385    i.chassis_no_move_control  chassis_behaviour.o
    0x080155b0   0x080155b0   0x0000005c   Code   RO         9386    i.chassis_open_set_control  chassis_behaviour.o
    0x0801560c   0x0801560c   0x000004d8   Code   RO         9644    i.chassis_power_control  chassis_power_control.o
    0x08015ae4   0x08015ae4   0x00000360   Code   RO         9547    i.chassis_rc_to_control_vector  chassis_task.o
    0x08015e44   0x08015e44   0x000005cc   Code   RO         9548    i.chassis_set_contorl  chassis_task.o
    0x08016410   0x08016410   0x00000012   Code   RO         9549    i.chassis_set_mode  chassis_task.o
    0x08016422   0x08016422   0x00000002   PAD
    0x08016424   0x08016424   0x00000094   Code   RO         9550    i.chassis_task      chassis_task.o
    0x080164b8   0x080164b8   0x00000320   Code   RO         9551    i.chassis_vector_to_omni_wheel_speed  chassis_task.o
    0x080167d8   0x080167d8   0x0000002c   Code   RO         9387    i.chassis_zero_force_control  chassis_behaviour.o
    0x08016804   0x08016804   0x00000118   Code   RO        10350    i.cmd_cali_gimbal_hook  gimbal_task.o
    0x0801691c   0x0801691c   0x00000030   Code   RO         8675    i.delay_init        bsp_delay.o
    0x0801694c   0x0801694c   0x00000050   Code   RO         8677    i.delay_us          bsp_delay.o
    0x0801699c   0x0801699c   0x00000124   Code   RO         9669    i.detect_hook       detect_task.o
    0x08016ac0   0x08016ac0   0x00000168   Code   RO         9670    i.detect_init       detect_task.o
    0x08016c28   0x08016c28   0x00000288   Code   RO         9671    i.detect_task       detect_task.o
    0x08016eb0   0x08016eb0   0x00000084   Code   RO         6955    i.eTaskGetState     tasks.o
    0x08016f34   0x08016f34   0x00000018   Code   RO        12902    i.fabs              m_wm.l(fabs.o)
    0x08016f4c   0x08016f4c   0x0000003a   Code   RO        11946    i.fifo_s_get        fifo.o
    0x08016f86   0x08016f86   0x00000016   Code   RO        11949    i.fifo_s_init       fifo.o
    0x08016f9c   0x08016f9c   0x000000a0   Code   RO        11955    i.fifo_s_puts       fifo.o
    0x0801703c   0x0801703c   0x00000006   Code   RO        11957    i.fifo_s_used       fifo.o
    0x08017042   0x08017042   0x00000054   Code   RO        11727    i.first_order_filter_cali  user_lib.o
    0x08017096   0x08017096   0x00000002   PAD
    0x08017098   0x08017098   0x00000024   Code   RO        11728    i.first_order_filter_init  user_lib.o
    0x080170bc   0x080170bc   0x0000002e   Code   RO         8713    i.flash_erase_address  bsp_flash.o
    0x080170ea   0x080170ea   0x00000014   Code   RO         8714    i.flash_read        bsp_flash.o
    0x080170fe   0x080170fe   0x00000002   PAD
    0x08017100   0x08017100   0x00000098   Code   RO         8716    i.flash_write_single_address  bsp_flash.o
    0x08017198   0x08017198   0x0000002a   Code   RO        11729    i.fp32_constrain    user_lib.o
    0x080171c2   0x080171c2   0x00000002   PAD
    0x080171c4   0x080171c4   0x000000f4   Code   RO         8717    i.ger_sector        bsp_flash.o
    0x080172b8   0x080172b8   0x00000034   Code   RO        11871    i.get_CRC16_check_sum  crc8_crc16.o
    0x080172ec   0x080172ec   0x00000024   Code   RO        11872    i.get_CRC8_check_sum  crc8_crc16.o
    0x08017310   0x08017310   0x0000001c   Code   RO        10071    i.get_HP_data       usb_task.o
    0x0801732c   0x0801732c   0x00000008   Code   RO         9717    i.get_INS_angle_point  ins_task.o
    0x08017334   0x08017334   0x000000c0   Code   RO        10072    i.get_INS_quat_data  usb_task.o
    0x080173f4   0x080173f4   0x00000008   Code   RO         9718    i.get_INS_quat_point  ins_task.o
    0x080173fc   0x080173fc   0x000000e8   Code   RO        12257    i.get_angle         AHRS.lib(ahrs.o)
    0x080174e4   0x080174e4   0x00000048   Code   RO         8429    i.get_battery_voltage  bsp_adc.o
    0x0801752c   0x0801752c   0x00000018   Code   RO        10351    i.get_body_rad      gimbal_task.o
    0x08017544   0x08017544   0x00000038   Code   RO        10073    i.get_buller_speed  usb_task.o
    0x0801757c   0x0801757c   0x00000010   Code   RO         9830    i.get_bullet_speed  referee.o
    0x0801758c   0x0801758c   0x0000000c   Code   RO         9266    i.get_cap_percent   can_receive.o
    0x08017598   0x08017598   0x0000000c   Code   RO         9552    i.get_cap_state     chassis_task.o
    0x080175a4   0x080175a4   0x0000000c   Code   RO         9831    i.get_chassis_max_power  referee.o
    0x080175b0   0x080175b0   0x00000014   Code   RO         9267    i.get_chassis_motor_measure_point  can_receive.o
    0x080175c4   0x080175c4   0x00000008   Code   RO         9553    i.get_chassis_point  chassis_task.o
    0x080175cc   0x080175cc   0x0000001c   Code   RO         9832    i.get_chassis_power_and_buffer  referee.o
    0x080175e8   0x080175e8   0x0000000c   Code   RO         9157    i.get_control_temperature  calibrate_task.o
    0x080175f4   0x080175f4   0x0000001c   Code   RO        10526    i.get_cover_state   servo_task.o
    0x08017610   0x08017610   0x00000008   Code   RO         9672    i.get_error_list_point  detect_task.o
    0x08017618   0x08017618   0x00000010   Code   RO         9268    i.get_fric_motor_measure_point  can_receive.o
    0x08017628   0x08017628   0x00000040   Code   RO        10168    i.get_fric_state    shoot.o
    0x08017668   0x08017668   0x00000008   Code   RO        10352    i.get_gimbal_point  gimbal_task.o
    0x08017670   0x08017670   0x00000008   Code   RO         9720    i.get_gyro_data_point  ins_task.o
    0x08017678   0x08017678   0x00000008   Code   RO         9834    i.get_hurt_point    referee.o
    0x08017680   0x08017680   0x00000070   Code   RO         9269    i.get_motor_measure_ecd  can_receive.o
    0x080176f0   0x080176f0   0x000000e8   Code   RO         8718    i.get_next_flash_address  bsp_flash.o
    0x080177d8   0x080177d8   0x0000003c   Code   RO        10074    i.get_pitch_data    usb_task.o
    0x08017814   0x08017814   0x00000008   Code   RO         9270    i.get_pitch_gimbal_motor_measure_point  can_receive.o
    0x0801781c   0x0801781c   0x00000008   Code   RO        10355    i.get_pitch_motor_point  gimbal_task.o
    0x08017824   0x08017824   0x00000008   Code   RO         9994    i.get_remote_control_point  remote_control.o
    0x0801782c   0x0801782c   0x0000000c   Code   RO         9837    i.get_robot_id      referee.o
    0x08017838   0x08017838   0x00000008   Code   RO         9838    i.get_robot_status_point  referee.o
    0x08017840   0x08017840   0x00000018   Code   RO         9839    i.get_shoot_heat1_limit_and_heat0  referee.o
    0x08017858   0x08017858   0x00000018   Code   RO         9840    i.get_shoot_heat2_limit_and_heat1  referee.o
    0x08017870   0x08017870   0x00000008   Code   RO        10169    i.get_shoot_point   shoot.o
    0x08017878   0x08017878   0x0000000c   Code   RO        10170    i.get_shooter_mode  shoot.o
    0x08017884   0x08017884   0x0000000c   Code   RO         9841    i.get_shooter_speed_limit  referee.o
    0x08017890   0x08017890   0x0000005c   Code   RO         8431    i.get_temprate      bsp_adc.o
    0x080178ec   0x080178ec   0x00000008   Code   RO         9271    i.get_trigger_motor_measure_point  can_receive.o
    0x080178f4   0x080178f4   0x00000030   Code   RO        10171    i.get_trigger_state  shoot.o
    0x08017924   0x08017924   0x00000088   Code   RO        10075    i.get_vision_data   usb_task.o
    0x080179ac   0x080179ac   0x00000030   Code   RO         1292    i.get_vision_state  usbd_cdc_if.o
    0x080179dc   0x080179dc   0x0000003c   Code   RO        10076    i.get_yaw_data      usb_task.o
    0x08017a18   0x08017a18   0x00000008   Code   RO         9272    i.get_yaw_gimbal_motor_measure_point  can_receive.o
    0x08017a20   0x08017a20   0x00000008   Code   RO        10356    i.get_yaw_motor_point  gimbal_task.o
    0x08017a28   0x08017a28   0x000000d8   Code   RO        10357    i.gimbal_PID_calc   gimbal_task.o
    0x08017b00   0x08017b00   0x00000030   Code   RO        10358    i.gimbal_PID_clear  gimbal_task.o
    0x08017b30   0x08017b30   0x00000040   Code   RO        10359    i.gimbal_PID_init   gimbal_task.o
    0x08017b70   0x08017b70   0x000000d4   Code   RO         9461    i.gimbal_absolute_angle_control  gimbal_behaviour.o
    0x08017c44   0x08017c44   0x000000f4   Code   RO        10360    i.gimbal_absolute_angle_limit  gimbal_task.o
    0x08017d38   0x08017d38   0x000000ac   Code   RO         9462    i.gimbal_behaviour_control_set  gimbal_behaviour.o
    0x08017de4   0x08017de4   0x000000b4   Code   RO         9463    i.gimbal_behaviour_mode_set  gimbal_behaviour.o
    0x08017e98   0x08017e98   0x0000019c   Code   RO         9464    i.gimbal_behavour_set  gimbal_behaviour.o
    0x08018034   0x08018034   0x000001d0   Code   RO         9465    i.gimbal_cali_control  gimbal_behaviour.o
    0x08018204   0x08018204   0x0000002c   Code   RO         9466    i.gimbal_cmd_to_chassis_stop  gimbal_behaviour.o
    0x08018230   0x08018230   0x00000024   Code   RO         9467    i.gimbal_cmd_to_shoot_stop  gimbal_behaviour.o
    0x08018254   0x08018254   0x00000070   Code   RO        10361    i.gimbal_control_loop  gimbal_task.o
    0x080182c4   0x080182c4   0x000000f4   Code   RO        10362    i.gimbal_feedback_update  gimbal_task.o
    0x080183b8   0x080183b8   0x00000224   Code   RO        10363    i.gimbal_init       gimbal_task.o
    0x080185dc   0x080185dc   0x000000c4   Code   RO         9468    i.gimbal_init_control  gimbal_behaviour.o
    0x080186a0   0x080186a0   0x000000c0   Code   RO        10364    i.gimbal_mode_change_control_transit  gimbal_task.o
    0x08018760   0x08018760   0x00000020   Code   RO         9469    i.gimbal_motionless_control  gimbal_behaviour.o
    0x08018780   0x08018780   0x00000078   Code   RO        10365    i.gimbal_motor_absolute_angle_control  gimbal_task.o
    0x080187f8   0x080187f8   0x00000022   Code   RO        10366    i.gimbal_motor_raw_angle_control  gimbal_task.o
    0x0801881a   0x0801881a   0x0000005e   Code   RO        10367    i.gimbal_motor_relative_angle_control  gimbal_task.o
    0x08018878   0x08018878   0x000000d4   Code   RO         9470    i.gimbal_relative_angle_control  gimbal_behaviour.o
    0x0801894c   0x0801894c   0x0000004a   Code   RO        10368    i.gimbal_relative_angle_limit  gimbal_task.o
    0x08018996   0x08018996   0x00000002   PAD
    0x08018998   0x08018998   0x000000d4   Code   RO        10369    i.gimbal_set_control  gimbal_task.o
    0x08018a6c   0x08018a6c   0x00000012   Code   RO        10370    i.gimbal_set_mode   gimbal_task.o
    0x08018a7e   0x08018a7e   0x00000002   PAD
    0x08018a80   0x08018a80   0x000000e4   Code   RO        10371    i.gimbal_task       gimbal_task.o
    0x08018b64   0x08018b64   0x000001c8   Code   RO        10372    i.gimbal_yaw_motor_absolute_angle_control  gimbal_task.o
    0x08018d2c   0x08018d2c   0x00000068   Code   RO        10373    i.gimbal_yaw_relative_angle_limit  gimbal_task.o
    0x08018d94   0x08018d94   0x00000020   Code   RO         9471    i.gimbal_zero_force_control  gimbal_behaviour.o
    0x08018db4   0x08018db4   0x00000054   Code   RO         9722    i.gyro_offset_calc  ins_task.o
    0x08018e08   0x08018e08   0x0000012c   Code   RO         9723    i.imu_cali_slove    ins_task.o
    0x08018f34   0x08018f34   0x00000168   Code   RO         9724    i.imu_cmd_spi_dma   ins_task.o
    0x0801909c   0x0801909c   0x0000000c   Code   RO         8810    i.imu_pwm_set       bsp_imu_pwm.o
    0x080190a8   0x080190a8   0x000000b8   Code   RO         9725    i.imu_temp_control  ins_task.o
    0x08019160   0x08019160   0x000000bc   Code   RO         9842    i.init_referee_struct_data  referee.o
    0x0801921c   0x0801921c   0x00000040   Code   RO         8432    i.init_vrefint_reciprocal  bsp_adc.o
    0x0801925c   0x0801925c   0x00000070   Code   RO        10374    i.input_cal         gimbal_task.o
    0x080192cc   0x080192cc   0x00000002   Code   RO        11477    i.ist8310_GPIO_init  ist8310driver_middleware.o
    0x080192ce   0x080192ce   0x00000002   PAD
    0x080192d0   0x080192d0   0x00000028   Code   RO        11479    i.ist8310_IIC_read_single_reg  ist8310driver_middleware.o
    0x080192f8   0x080192f8   0x00000028   Code   RO        11481    i.ist8310_IIC_write_single_reg  ist8310driver_middleware.o
    0x08019320   0x08019320   0x00000014   Code   RO        11482    i.ist8310_RST_H     ist8310driver_middleware.o
    0x08019334   0x08019334   0x00000014   Code   RO        11483    i.ist8310_RST_L     ist8310driver_middleware.o
    0x08019348   0x08019348   0x00000002   Code   RO        11484    i.ist8310_com_init  ist8310driver_middleware.o
    0x0801934a   0x0801934a   0x0000000c   Code   RO        11485    i.ist8310_delay_ms  ist8310driver_middleware.o
    0x08019356   0x08019356   0x00000002   PAD
    0x08019358   0x08019358   0x00000094   Code   RO        11445    i.ist8310_init      ist8310driver.o
    0x080193ec   0x080193ec   0x00000c14   Code   RO        11101    i.label_draw        ui_label.o
    0x0801a000   0x0801a000   0x00000010   Code   RO         8908    i.laser_off         bsp_laser.o
    0x0801a010   0x0801a010   0x00000010   Code   RO         8909    i.laser_on          bsp_laser.o
    0x0801a020   0x0801a020   0x000001b0   Code   RO        10321    i.led_RGB_flow_task  led_flow_task.o
    0x0801a1d0   0x0801a1d0   0x00000060   Code   RO        11734    i.loop_fp32_constrain  user_lib.o
    0x0801a230   0x0801a230   0x0000007c   Code   RO         9554    i.lost_wheel_control  chassis_task.o
    0x0801a2ac   0x0801a2ac   0x00000158   Code   RO         9555    i.lost_wheel_current_allowcate  chassis_task.o
    0x0801a404   0x0801a404   0x00000084   Code   RO           15    i.main              main.o
    0x0801a488   0x0801a488   0x0000000e   Code   RO         7522    i.makeFreeRtosPriority  cmsis_os.o
    0x0801a496   0x0801a496   0x00000002   PAD
    0x0801a498   0x0801a498   0x00000034   Code   RO        10375    i.motor_ecd_to_angle_change  gimbal_task.o
    0x0801a4cc   0x0801a4cc   0x00000018   Code   RO         7524    i.osDelay           cmsis_os.o
    0x0801a4e4   0x0801a4e4   0x0000000a   Code   RO         7527    i.osKernelStart     cmsis_os.o
    0x0801a4ee   0x0801a4ee   0x00000010   Code   RO         7560    i.osSystickHandler  cmsis_os.o
    0x0801a4fe   0x0801a4fe   0x0000005e   Code   RO         7561    i.osThreadCreate    cmsis_os.o
    0x0801a55c   0x0801a55c   0x00000030   Code   RO         6956    i.pcTaskGetName     tasks.o
    0x0801a58c   0x0801a58c   0x000000a4   Code   RO         6957    i.prvAddCurrentTaskToDelayedList  tasks.o
    0x0801a630   0x0801a630   0x000000b8   Code   RO         6958    i.prvAddNewTaskToReadyList  tasks.o
    0x0801a6e8   0x0801a6e8   0x00000074   Code   RO         7357    i.prvCheckForValidListAndQueue  timers.o
    0x0801a75c   0x0801a75c   0x00000048   Code   RO         6959    i.prvCheckTasksWaitingTermination  tasks.o
    0x0801a7a4   0x0801a7a4   0x0000002a   Code   RO         6577    i.prvCopyDataFromQueue  queue.o
    0x0801a7ce   0x0801a7ce   0x0000007c   Code   RO         6578    i.prvCopyDataToQueue  queue.o
    0x0801a84a   0x0801a84a   0x00000050   Code   RO         6960    i.prvDeleteTCB      tasks.o
    0x0801a89a   0x0801a89a   0x00000002   PAD
    0x0801a89c   0x0801a89c   0x00000028   Code   RO         7358    i.prvGetNextExpireTime  timers.o
    0x0801a8c4   0x0801a8c4   0x0000007c   Code   RO         7901    i.prvHeapInit       heap_4.o
    0x0801a940   0x0801a940   0x00000028   Code   RO         6961    i.prvIdleTask       tasks.o
    0x0801a968   0x0801a968   0x0000002a   Code   RO         6581    i.prvInitialiseNewQueue  queue.o
    0x0801a992   0x0801a992   0x000000ba   Code   RO         6962    i.prvInitialiseNewTask  tasks.o
    0x0801aa4c   0x0801aa4c   0x00000068   Code   RO         6963    i.prvInitialiseTaskLists  tasks.o
    0x0801aab4   0x0801aab4   0x00000068   Code   RO         7902    i.prvInsertBlockIntoFreeList  heap_4.o
    0x0801ab1c   0x0801ab1c   0x00000058   Code   RO         7360    i.prvInsertTimerInActiveList  timers.o
    0x0801ab74   0x0801ab74   0x0000001a   Code   RO         6582    i.prvIsQueueEmpty   queue.o
    0x0801ab8e   0x0801ab8e   0x0000001e   Code   RO         6583    i.prvIsQueueFull    queue.o
    0x0801abac   0x0801abac   0x0000006a   Code   RO         6964    i.prvListTasksWithinSingleList  tasks.o
    0x0801ac16   0x0801ac16   0x00000002   PAD
    0x0801ac18   0x0801ac18   0x00000064   Code   RO         7361    i.prvProcessExpiredTimer  timers.o
    0x0801ac7c   0x0801ac7c   0x00000128   Code   RO         7362    i.prvProcessReceivedCommands  timers.o
    0x0801ada4   0x0801ada4   0x00000074   Code   RO         7363    i.prvProcessTimerOrBlockTask  timers.o
    0x0801ae18   0x0801ae18   0x00000034   Code   RO         6965    i.prvResetNextTaskUnblockTime  tasks.o
    0x0801ae4c   0x0801ae4c   0x0000002c   Code   RO         7364    i.prvSampleTimeNow  timers.o
    0x0801ae78   0x0801ae78   0x0000009e   Code   RO         6966    i.prvSearchForNameWithinSingleList  tasks.o
    0x0801af16   0x0801af16   0x00000002   PAD
    0x0801af18   0x0801af18   0x000000a0   Code   RO         7365    i.prvSwitchTimerLists  timers.o
    0x0801afb8   0x0801afb8   0x00000016   Code   RO         6967    i.prvTaskCheckFreeStackSpace  tasks.o
    0x0801afce   0x0801afce   0x00000002   PAD
    0x0801afd0   0x0801afd0   0x00000040   Code   RO         7951    i.prvTaskExitError  port.o
    0x0801b010   0x0801b010   0x0000001a   Code   RO         7366    i.prvTimerTask      timers.o
    0x0801b02a   0x0801b02a   0x0000007e   Code   RO         6584    i.prvUnlockQueue    queue.o
    0x0801b0a8   0x0801b0a8   0x0000002a   Code   RO         6969    i.prvWriteNameToBuffer  tasks.o
    0x0801b0d2   0x0801b0d2   0x00000002   PAD
    0x0801b0d4   0x0801b0d4   0x0000013c   Code   RO         7903    i.pvPortMalloc      heap_4.o
    0x0801b210   0x0801b210   0x0000002c   Code   RO         7952    i.pxPortInitialiseStack  port.o
    0x0801b23c   0x0801b23c   0x00000084   Code   RO        12262    i.quat_normalization  AHRS.lib(ahrs.o)
    0x0801b2c0   0x0801b2c0   0x0000005a   Code   RO        11735    i.ramp_calc         user_lib.o
    0x0801b31a   0x0801b31a   0x00000002   PAD
    0x0801b31c   0x0801b31c   0x0000002c   Code   RO        11736    i.ramp_init         user_lib.o
    0x0801b348   0x0801b348   0x000001f4   Code   RO         9843    i.referee_data_solve  referee.o
    0x0801b53c   0x0801b53c   0x0000014c   Code   RO         9949    i.referee_unpack_fifo_data  referee_usart_task.o
    0x0801b688   0x0801b688   0x00000038   Code   RO         9950    i.referee_usart_task  referee_usart_task.o
    0x0801b6c0   0x0801b6c0   0x00000014   Code   RO         9995    i.remote_control_init  remote_control.o
    0x0801b6d4   0x0801b6d4   0x0000008c   Code   RO        10754    i.robot_id_data_init  user_task.o
    0x0801b760   0x0801b760   0x00000040   Code   RO        10755    i.robot_id_select   user_task.o
    0x0801b7a0   0x0801b7a0   0x000000da   Code   RO         9996    i.sbus_to_rc        remote_control.o
    0x0801b87a   0x0801b87a   0x00000002   PAD
    0x0801b87c   0x0801b87c   0x00000058   Code   RO         9997    i.sbus_to_usart1    remote_control.o
    0x0801b8d4   0x0801b8d4   0x0000000c   Code   RO         9124    i.servo_pwm_set     bsp_servo_pwm.o
    0x0801b8e0   0x0801b8e0   0x00000094   Code   RO        10527    i.servo_task        servo_task.o
    0x0801b974   0x0801b974   0x00000020   Code   RO        10376    i.set_cali_gimbal_hook  gimbal_task.o
    0x0801b994   0x0801b994   0x000000b0   Code   RO        10172    i.shoot_bullet_control  shoot.o
    0x0801ba44   0x0801ba44   0x00000270   Code   RO        10173    i.shoot_control_loop  shoot.o
    0x0801bcb4   0x0801bcb4   0x000001f8   Code   RO        10174    i.shoot_feedback_update  shoot.o
    0x0801beac   0x0801beac   0x00000134   Code   RO        10175    i.shoot_init        shoot.o
    0x0801bfe0   0x0801bfe0   0x00000354   Code   RO        10176    i.shoot_set_mode    shoot.o
    0x0801c334   0x0801c334   0x0000006e   Code   RO        12962    i.sqrt              m_wm.l(sqrt_full.o)
    0x0801c3a2   0x0801c3a2   0x0000003e   Code   RO        12968    i.sqrtf             m_wm.l(sqrtf_full.o)
    0x0801c3e0   0x0801c3e0   0x00000034   Code   RO          549    i.stats_task        freertos.o
    0x0801c414   0x0801c414   0x0000007c   Code   RO        10252    i.test_task         test_task.o
    0x0801c490   0x0801c490   0x00000018   Code   RO         9673    i.toe_is_error      detect_task.o
    0x0801c4a8   0x0801c4a8   0x000000cc   Code   RO        10177    i.trigger_motor_turn_back  shoot.o
    0x0801c574   0x0801c574   0x00000010   Code   RO        10756    i.ui_reset_car_back_armor_attacked_timer  user_task.o
    0x0801c584   0x0801c584   0x00000010   Code   RO        10757    i.ui_reset_car_front_armor_attacked_timer  user_task.o
    0x0801c594   0x0801c594   0x00000010   Code   RO        10758    i.ui_reset_car_left_armor_attacked_timer  user_task.o
    0x0801c5a4   0x0801c5a4   0x00000010   Code   RO        10759    i.ui_reset_car_right_armor_attacked_timer  user_task.o
    0x0801c5b4   0x0801c5b4   0x00000074   Code   RO         6971    i.ulTaskNotifyTake  tasks.o
    0x0801c628   0x0801c628   0x0000007a   Code   RO        12263    i.update_w          AHRS.lib(ahrs.o)
    0x0801c6a2   0x0801c6a2   0x00000002   PAD
    0x0801c6a4   0x0801c6a4   0x000000a8   Code   RO         9077    i.usart1_tx_dma_enable  bsp_usart.o
    0x0801c74c   0x0801c74c   0x00000074   Code   RO         9078    i.usart1_tx_dma_init  bsp_usart.o
    0x0801c7c0   0x0801c7c0   0x00000138   Code   RO         9079    i.usart6_init       bsp_usart.o
    0x0801c8f8   0x0801c8f8   0x000000a8   Code   RO         9080    i.usart6_tx_dma_enable  bsp_usart.o
    0x0801c9a0   0x0801c9a0   0x00000022   Code   RO        10077    i.usb_task          usb_task.o
    0x0801c9c2   0x0801c9c2   0x00000028   Code   RO         6537    i.uxListRemove      list.o
    0x0801c9ea   0x0801c9ea   0x00000002   PAD
    0x0801c9ec   0x0801c9ec   0x00000028   Code   RO         6973    i.uxTaskGetStackHighWaterMark  tasks.o
    0x0801ca14   0x0801ca14   0x000000b8   Code   RO         6974    i.uxTaskGetSystemState  tasks.o
    0x0801cacc   0x0801cacc   0x00000018   Code   RO          550    i.vApplicationGetIdleTaskMemory  freertos.o
    0x0801cae4   0x0801cae4   0x00000018   Code   RO          551    i.vApplicationGetTimerTaskMemory  freertos.o
    0x0801cafc   0x0801cafc   0x0000001a   Code   RO         6538    i.vListInitialise   list.o
    0x0801cb16   0x0801cb16   0x00000006   Code   RO         6539    i.vListInitialiseItem  list.o
    0x0801cb1c   0x0801cb1c   0x00000034   Code   RO         6540    i.vListInsert       list.o
    0x0801cb50   0x0801cb50   0x00000018   Code   RO         6541    i.vListInsertEnd    list.o
    0x0801cb68   0x0801cb68   0x00000054   Code   RO         7954    i.vPortEnterCritical  port.o
    0x0801cbbc   0x0801cbbc   0x0000003c   Code   RO         7955    i.vPortExitCritical  port.o
    0x0801cbf8   0x0801cbf8   0x00000094   Code   RO         7904    i.vPortFree         heap_4.o
    0x0801cc8c   0x0801cc8c   0x00000028   Code   RO         7956    i.vPortSetupTimerInterrupt  port.o
    0x0801ccb4   0x0801ccb4   0x00000078   Code   RO         7957    i.vPortValidateInterruptPriority  port.o
    0x0801cd2c   0x0801cd2c   0x0000002c   Code   RO         6590    i.vQueueAddToRegistry  queue.o
    0x0801cd58   0x0801cd58   0x0000004a   Code   RO         6594    i.vQueueWaitForMessageRestricted  queue.o
    0x0801cda2   0x0801cda2   0x00000002   PAD
    0x0801cda4   0x0801cda4   0x0000005c   Code   RO         6979    i.vTaskDelay        tasks.o
    0x0801ce00   0x0801ce00   0x00000084   Code   RO         6983    i.vTaskGetInfo      tasks.o
    0x0801ce84   0x0801ce84   0x000000d4   Code   RO         6984    i.vTaskGetRunTimeStats  tasks.o
    0x0801cf58   0x0801cf58   0x00000018   Code   RO         6985    i.vTaskInternalSetTimeOutState  tasks.o
    0x0801cf70   0x0801cf70   0x000000e0   Code   RO         6986    i.vTaskList         tasks.o
    0x0801d050   0x0801d050   0x0000000c   Code   RO         6987    i.vTaskMissedYield  tasks.o
    0x0801d05c   0x0801d05c   0x000000f0   Code   RO         6988    i.vTaskNotifyGiveFromISR  tasks.o
    0x0801d14c   0x0801d14c   0x00000038   Code   RO         6989    i.vTaskPlaceOnEventList  tasks.o
    0x0801d184   0x0801d184   0x00000040   Code   RO         6990    i.vTaskPlaceOnEventListRestricted  tasks.o
    0x0801d1c4   0x0801d1c4   0x000000bc   Code   RO         6998    i.vTaskStartScheduler  tasks.o
    0x0801d280   0x0801d280   0x00000010   Code   RO         7000    i.vTaskSuspendAll   tasks.o
    0x0801d290   0x0801d290   0x000000cc   Code   RO         7001    i.vTaskSwitchContext  tasks.o
    0x0801d35c   0x0801d35c   0x00000040   Code   RO        11873    i.verify_CRC16_check_sum  crc8_crc16.o
    0x0801d39c   0x0801d39c   0x0000002e   Code   RO        11874    i.verify_CRC8_check_sum  crc8_crc16.o
    0x0801d3ca   0x0801d3ca   0x00000002   PAD
    0x0801d3cc   0x0801d3cc   0x00000014   Code   RO        10078    i.vision_data_update  usb_task.o
    0x0801d3e0   0x0801d3e0   0x00000028   Code   RO        10079    i.vision_init       usb_task.o
    0x0801d408   0x0801d408   0x00000168   Code   RO         7958    i.xPortStartScheduler  port.o
    0x0801d570   0x0801d570   0x00000034   Code   RO         7959    i.xPortSysTickHandler  port.o
    0x0801d5a4   0x0801d5a4   0x000000de   Code   RO         6598    i.xQueueGenericCreateStatic  queue.o
    0x0801d682   0x0801d682   0x00000002   PAD
    0x0801d684   0x0801d684   0x00000098   Code   RO         6599    i.xQueueGenericReset  queue.o
    0x0801d71c   0x0801d71c   0x000001a8   Code   RO         6600    i.xQueueGenericSend  queue.o
    0x0801d8c4   0x0801d8c4   0x000000f8   Code   RO         6601    i.xQueueGenericSendFromISR  queue.o
    0x0801d9bc   0x0801d9bc   0x00000168   Code   RO         6609    i.xQueueReceive     queue.o
    0x0801db24   0x0801db24   0x000000a8   Code   RO         7003    i.xTaskCheckForTimeOut  tasks.o
    0x0801dbcc   0x0801dbcc   0x00000064   Code   RO         7004    i.xTaskCreate       tasks.o
    0x0801dc30   0x0801dc30   0x000000b8   Code   RO         7005    i.xTaskCreateStatic  tasks.o
    0x0801dce8   0x0801dce8   0x000000a4   Code   RO         7009    i.xTaskGetHandle    tasks.o
    0x0801dd8c   0x0801dd8c   0x00000020   Code   RO         7010    i.xTaskGetSchedulerState  tasks.o
    0x0801ddac   0x0801ddac   0x0000000c   Code   RO         7011    i.xTaskGetTickCount  tasks.o
    0x0801ddb8   0x0801ddb8   0x00000148   Code   RO         7013    i.xTaskIncrementTick  tasks.o
    0x0801df00   0x0801df00   0x000000c8   Code   RO         7016    i.xTaskPriorityDisinherit  tasks.o
    0x0801dfc8   0x0801dfc8   0x00000098   Code   RO         7018    i.xTaskRemoveFromEventList  tasks.o
    0x0801e060   0x0801e060   0x00000104   Code   RO         7019    i.xTaskResumeAll    tasks.o
    0x0801e164   0x0801e164   0x00000078   Code   RO         7373    i.xTimerCreateTimerTask  timers.o
    0x0801e1dc   0x0801e1dc   0x00000084   Code   RO         7374    i.xTimerGenericCommand  timers.o
    0x0801e260   0x0801e260   0x0000002c   Code   RO        13229    locale$$code        c_w.l(lc_numeric_c.o)
    0x0801e28c   0x0801e28c   0x00000018   Code   RO        12788    x$fpl$basic         g_wm.l(basic.o)
    0x0801e2a4   0x0801e2a4   0x000002c4   Code   RO        12790    x$fpl$d2f           g_wm.l(d2f_clz.o)
    0x0801e568   0x0801e568   0x0000024c   Code   RO        12792    x$fpl$dadd          g_wm.l(daddsub_clz.o)
    0x0801e7b4   0x0801e7b4   0x0000001c   Code   RO        13240    x$fpl$dcheck1       g_wm.l(dcheck1.o)
    0x0801e7d0   0x0801e7d0   0x00000118   Code   RO        13076    x$fpl$dcmp4         g_wm.l(dcmp4.o)
    0x0801e8e8   0x0801e8e8   0x00000018   Code   RO        13078    x$fpl$dcmpinf       g_wm.l(dcmpi.o)
    0x0801e900   0x0801e900   0x0000037c   Code   RO        12799    x$fpl$ddiv          g_wm.l(ddiv_clz.o)
    0x0801ec7c   0x0801ec7c   0x000000c8   Code   RO        12802    x$fpl$dfix          g_wm.l(dfix.o)
    0x0801ed44   0x0801ed44   0x000000dc   Code   RO        12806    x$fpl$dfixu         g_wm.l(dfixu.o)
    0x0801ee20   0x0801ee20   0x0000002e   Code   RO        12811    x$fpl$dflt          g_wm.l(dflt_clz.o)
    0x0801ee4e   0x0801ee4e   0x0000001a   Code   RO        12812    x$fpl$dfltn         g_wm.l(dflt_clz.o)
    0x0801ee68   0x0801ee68   0x00000026   Code   RO        12810    x$fpl$dfltu         g_wm.l(dflt_clz.o)
    0x0801ee8e   0x0801ee8e   0x00000002   PAD
    0x0801ee90   0x0801ee90   0x00000078   Code   RO        12816    x$fpl$dleqf         g_wm.l(dleqf.o)
    0x0801ef08   0x0801ef08   0x000001c0   Code   RO        12818    x$fpl$dmul          g_wm.l(dmul_clz.o)
    0x0801f0c8   0x0801f0c8   0x00000102   Code   RO        13080    x$fpl$dnaninf       g_wm.l(dnaninf.o)
    0x0801f1ca   0x0801f1ca   0x00000070   Code   RO        13082    x$fpl$drenorm       g_wm.l(drenorm_clz.o)
    0x0801f23a   0x0801f23a   0x0000000c   Code   RO        13084    x$fpl$dretinf       g_wm.l(dretinf.o)
    0x0801f246   0x0801f246   0x00000062   Code   RO        12820    x$fpl$drleqf        g_wm.l(drleqf.o)
    0x0801f2a8   0x0801f2a8   0x00000050   Code   RO        12793    x$fpl$drsb          g_wm.l(daddsub_clz.o)
    0x0801f2f8   0x0801f2f8   0x00000208   Code   RO        13086    x$fpl$dsqrt         g_wm.l(dsqrt_umaalclz.o)
    0x0801f500   0x0801f500   0x0000029c   Code   RO        12794    x$fpl$dsub          g_wm.l(daddsub_clz.o)
    0x0801f79c   0x0801f79c   0x0000017a   Code   RO        13088    x$fpl$dunder        g_wm.l(dunder_clz.o)
    0x0801f916   0x0801f916   0x00000002   PAD
    0x0801f918   0x0801f918   0x000001ec   Code   RO        13090    x$fpl$exception     g_wm.l(except.o)
    0x0801fb04   0x0801fb04   0x0000007a   Code   RO        12822    x$fpl$f2d           g_wm.l(f2d.o)
    0x0801fb7e   0x0801fb7e   0x000000f2   Code   RO        13092    x$fpl$fnaninf       g_wm.l(fnaninf.o)
    0x0801fc70   0x0801fc70   0x0000000a   Code   RO        13242    x$fpl$fpinit        g_wm.l(fpinit.o)
    0x0801fc7a   0x0801fc7a   0x0000000a   Code   RO        13094    x$fpl$fretinf       g_wm.l(fretinf.o)
    0x0801fc84   0x0801fc84   0x0000013c   Code   RO        13096    x$fpl$funder        g_wm.l(funder_clz.o)
    0x0801fdc0   0x0801fdc0   0x00000020   Code   RO        13244    x$fpl$ieeestatus    g_wm.l(istatus.o)
    0x0801fde0   0x0801fde0   0x00000004   Code   RO        12824    x$fpl$printf1       g_wm.l(printf1.o)
    0x0801fde4   0x0801fde4   0x000000b2   Code   RO        13246    x$fpl$retnan        g_wm.l(retnan.o)
    0x0801fe96   0x0801fe96   0x00000002   PAD
    0x0801fe98   0x0801fe98   0x00000114   Code   RO        13098    x$fpl$scalbn        g_wm.l(scalbn_clz.o)
    0x0801ffac   0x0801ffac   0x0000007e   Code   RO        13100    x$fpl$trapveneer    g_wm.l(trapv.o)
    0x0802002a   0x0802002a   0x00000000   Code   RO        13102    x$fpl$usenofp       g_wm.l(usenofp.o)
    0x0802002a   0x0802002a   0x00000002   PAD
    0x0802002c   0x0802002c   0x00000188   Data   RO          553    .constdata          freertos.o
    0x080201b4   0x080201b4   0x00000008   Data   RO         5715    .constdata          stm32f4xx_hal_dma.o
    0x080201bc   0x080201bc   0x00000018   Data   RO         6377    .constdata          system_stm32f4xx.o
    0x080201d4   0x080201d4   0x0000000f   Data   RO         9160    .constdata          calibrate_task.o
    0x080201e3   0x080201e3   0x00000001   PAD
    0x080201e4   0x080201e4   0x00000038   Data   RO         9557    .constdata          chassis_task.o
    0x0802021c   0x0802021c   0x00000060   Data   RO         9675    .constdata          detect_task.o
    0x0802027c   0x0802027c   0x00000018   Data   RO         9727    .constdata          ins_task.o
    0x08020294   0x08020294   0x00000024   Data   RO        10179    .constdata          shoot.o
    0x080202b8   0x080202b8   0x00000018   Data   RO        10378    .constdata          gimbal_task.o
    0x080202d0   0x080202d0   0x00000302   Data   RO        10882    .constdata          rm_cilent_ui.o
    0x080205d2   0x080205d2   0x00000006   PAD
    0x080205d8   0x080205d8   0x00001680   Data   RO        10990    .constdata          ui_car.o
    0x08021c58   0x08021c58   0x00000012   Data   RO        11257    .constdata          bmi088driver.o
    0x08021c6a   0x08021c6a   0x0000000c   Data   RO        11448    .constdata          ist8310driver.o
    0x08021c76   0x08021c76   0x00000302   Data   RO        11875    .constdata          crc8_crc16.o
    0x08021f78   0x08021f78   0x0000000c   Data   RO        12264    .constdata          AHRS.lib(ahrs.o)
    0x08021f84   0x08021f84   0x00000804   Data   RO        12642    .constdata          arm_cortexM4lf_math.lib(arm_common_tables.o)
    0x08022788   0x08022788   0x00000058   Data   RO        12889    .constdata          m_wm.l(exp.o)
    0x080227e0   0x080227e0   0x00000088   Data   RO        12909    .constdata          m_wm.l(pow.o)
    0x08022868   0x08022868   0x00000030   Data   RO        13104    .constdata          m_wm.l(cos_i.o)
    0x08022898   0x08022898   0x00000008   Data   RO        13140    .constdata          m_wm.l(qnan.o)
    0x080228a0   0x080228a0   0x000000c8   Data   RO        13143    .constdata          m_wm.l(rred.o)
    0x08022968   0x08022968   0x00000020   Data   RO        13147    .constdata          m_wm.l(rredf.o)
    0x08022988   0x08022988   0x00000028   Data   RO        13150    .constdata          m_wm.l(sin_i.o)
    0x080229b0   0x080229b0   0x00000094   Data   RO        13204    .constdata          c_w.l(bigflt0.o)
    0x08022a44   0x08022a44   0x00000081   Data   RO          554    .conststring        freertos.o
    0x08022ac5   0x08022ac5   0x00000003   PAD
    0x08022ac8   0x08022ac8   0x00000020   Data   RO        13339    Region$$Table       anon$$obj.o
    0x08022ae8   0x08022ae8   0x0000001c   Data   RO        13228    locale$$data        c_w.l(lc_numeric_c.o)


    Execution Region RW_IRAM1 (Exec base: 0x20000000, Load base: 0x08022b04, Size: 0x0000ee78, Max: 0x00020000, ABSOLUTE, COMPRESSED[0x000001ec])

    Exec Addr    Load Addr    Size         Type   Attr      Idx    E Section Name        Object

    0x20000000   COMPRESSED   0x00000004   Data   RW          437    .data               can.o
    0x20000004   COMPRESSED   0x00000008   Data   RW          484    .data               crc.o
    0x2000000c   COMPRESSED   0x00000004   PAD
    0x20000010   COMPRESSED   0x00000048   Data   RW          555    .data               freertos.o
    0x20000058   COMPRESSED   0x0000004e   Data   RW         1207    .data               usbd_desc.o
    0x200000a6   COMPRESSED   0x00000002   PAD
    0x200000a8   COMPRESSED   0x00000020   Data   RW         1294    .data               usbd_cdc_if.o
    0x200000c8   COMPRESSED   0x00000009   Data   RW         6147    .data               stm32f4xx_hal.o
    0x200000d1   COMPRESSED   0x00000003   PAD
    0x200000d4   COMPRESSED   0x00000004   Data   RW         6378    .data               system_stm32f4xx.o
    0x200000d8   COMPRESSED   0x00000044   Data   RW         7022    .data               tasks.o
    0x2000011c   COMPRESSED   0x00000014   Data   RW         7382    .data               timers.o
    0x20000130   COMPRESSED   0x00000018   Data   RW         7909    .data               heap_4.o
    0x20000148   COMPRESSED   0x0000000c   Data   RW         7960    .data               port.o
    0x20000154   COMPRESSED   0x00000001   Data   RW         8182    .data               usbd_ctlreq.o
    0x20000155   COMPRESSED   0x00000003   PAD
    0x20000158   COMPRESSED   0x0000010f   Data   RW         8338    .data               usbd_cdc.o
    0x20000267   COMPRESSED   0x00000001   PAD
    0x20000268   COMPRESSED   0x00000004   Data   RW         8434    .data               bsp_adc.o
    0x2000026c   COMPRESSED   0x00000008   Data   RW         8678    .data               bsp_delay.o
    0x20000274   COMPRESSED   0x00000010   Data   RW         8719    .data               bsp_flash.o
    0x20000284   COMPRESSED   0x00000008   Data   RW         8943    .data               bsp_led.o
    0x2000028c   COMPRESSED   0x00000076   Data   RW         9161    .data               calibrate_task.o
    0x20000302   COMPRESSED   0x00000025   Data   RW         9274    .data               can_receive.o
    0x20000327   COMPRESSED   0x00000001   Data   RW         9388    .data               chassis_behaviour.o
    0x20000328   COMPRESSED   0x00000012   Data   RW         9472    .data               gimbal_behaviour.o
    0x2000033a   COMPRESSED   0x00000002   PAD
    0x2000033c   COMPRESSED   0x0000002c   Data   RW         9558    .data               chassis_task.o
    0x20000368   COMPRESSED   0x00000018   Data   RW         9645    .data               chassis_power_control.o
    0x20000380   COMPRESSED   0x00000009   Data   RW         9676    .data               detect_task.o
    0x20000389   COMPRESSED   0x00000003   PAD
    0x2000038c   COMPRESSED   0x000000a0   Data   RW         9728    .data               ins_task.o
    0x2000042c   COMPRESSED   0x00000027   Data   RW         9845    .data               referee.o
    0x20000453   COMPRESSED   0x00000001   PAD
    0x20000454   COMPRESSED   0x00000002   Data   RW         9952    .data               referee_usart_task.o
    0x20000456   COMPRESSED   0x00000003   Data   RW        10001    .data               remote_control.o
    0x20000459   COMPRESSED   0x00000003   PAD
    0x2000045c   COMPRESSED   0x00000020   Data   RW        10180    .data               shoot.o
    0x2000047c   COMPRESSED   0x0000000b   Data   RW        10253    .data               test_task.o
    0x20000487   COMPRESSED   0x00000001   PAD
    0x20000488   COMPRESSED   0x00000008   Data   RW        10286    .data               voltage_task.o
    0x20000490   COMPRESSED   0x0000001c   Data   RW        10322    .data               led_flow_task.o
    0x200004ac   COMPRESSED   0x00000018   Data   RW        10379    .data               gimbal_task.o
    0x200004c4   COMPRESSED   0x0000000f   Data   RW        10528    .data               servo_task.o
    0x200004d3   COMPRESSED   0x00000001   PAD
    0x200004d4   COMPRESSED   0x000001c9   Data   RW        10585    .data               vision.o
    0x2000069d   COMPRESSED   0x00000003   PAD
    0x200006a0   COMPRESSED   0x0000000a   Data   RW        10761    .data               user_task.o
    0x200006aa   COMPRESSED   0x00000008   Data   RW        10883    .data               rm_cilent_ui.o
    0x200006b2   COMPRESSED   0x00000002   PAD
    0x200006b4   COMPRESSED   0x0000000c   Data   RW        11103    .data               ui_label.o
    0x200006c0   COMPRESSED   0x0000002c   Data   RW        11258    .data               bmi088driver.o
    0x200006ec   COMPRESSED   0x00000002   Data   RW        11876    .data               crc8_crc16.o
    0x200006ee   COMPRESSED   0x00000002   PAD
    0x200006f0   COMPRESSED   0x00000010   Data   RW        12265    .data               AHRS.lib(ahrs.o)
    0x20000700        -       0x00000090   Zero   RW          388    .bss                adc.o
    0x20000790        -       0x00000050   Zero   RW          436    .bss                can.o
    0x200007e0        -       0x000006c0   Zero   RW          552    .bss                freertos.o
    0x20000ea0        -       0x0000015c   Zero   RW          658    .bss                i2c.o
    0x20000ffc        -       0x00000010   Zero   RW          710    .bss                rng.o
    0x2000100c        -       0x00000020   Zero   RW          752    .bss                rtc.o
    0x2000102c        -       0x00000170   Zero   RW          795    .bss                spi.o
    0x2000119c        -       0x00000180   Zero   RW          848    .bss                tim.o
    0x2000131c        -       0x00000240   Zero   RW          922    .bss                usart.o
    0x2000155c        -       0x0000029c   Zero   RW          972    .bss                usb_device.o
    0x200017f8        -       0x00000408   Zero   RW         1031    .bss                usbd_conf.o
    0x20001c00        -       0x00000200   Zero   RW         1206    .bss                usbd_desc.o
    0x20001e00        -       0x0000084c   Zero   RW         1293    .bss                usbd_cdc_if.o
    0x2000264c        -       0x00000020   Zero   RW         5369    .bss                stm32f4xx_hal_flash.o
    0x2000266c        -       0x00000040   Zero   RW         6612    .bss                queue.o
    0x200026ac        -       0x000000f0   Zero   RW         7021    .bss                tasks.o
    0x2000279c        -       0x00000118   Zero   RW         7381    .bss                timers.o
    0x200028b4        -       0x00006000   Zero   RW         7908    .bss                heap_4.o
    0x200088b4        -       0x00000010   Zero   RW         8433    .bss                bsp_adc.o
    0x200088c4        -       0x00000174   Zero   RW         9159    .bss                calibrate_task.o
    0x20008a38        -       0x00000108   Zero   RW         9273    .bss                can_receive.o
    0x20008b40        -       0x000002fc   Zero   RW         9556    .bss                chassis_task.o
    0x20008e3c        -       0x00000264   Zero   RW         9674    .bss                detect_task.o
    0x200090a0        -       0x0000013c   Zero   RW         9726    .bss                ins_task.o
    0x200091dc        -       0x00000063   Zero   RW         9844    .bss                referee.o
    0x2000923f   COMPRESSED   0x00000001   PAD
    0x20009240        -       0x000008a1   Zero   RW         9951    .bss                referee_usart_task.o
    0x20009ae1        -       0x00000072   Zero   RW        10000    .bss                remote_control.o
    0x20009b53   COMPRESSED   0x00000001   PAD
    0x20009b54        -       0x0000005b   Zero   RW        10080    .bss                usb_task.o
    0x20009baf   COMPRESSED   0x00000001   PAD
    0x20009bb0        -       0x00000168   Zero   RW        10178    .bss                shoot.o
    0x20009d18        -       0x00000254   Zero   RW        10377    .bss                gimbal_task.o
    0x20009f6c        -       0x00000ac4   Zero   RW        10584    .bss                vision.o
    0x2000aa30        -       0x000001f8   Zero   RW        10760    .bss                user_task.o
    0x2000ac28        -       0x000001ed   Zero   RW        11102    .bss                ui_label.o
    0x2000ae15   COMPRESSED   0x00000003   PAD
    0x2000ae18        -       0x00000060   Zero   RW        13158    .bss                c_w.l(libspace.o)
    0x2000ae78        -       0x00002000   Zero   RW            2    HEAP                startup_stm32f407xx.o
    0x2000ce78        -       0x00002000   Zero   RW            1    STACK               startup_stm32f407xx.o


==============================================================================

Image component sizes


      Code (inc. data)   RO Data    RW Data    ZI Data      Debug   Object Name

       396         42          0          0        144       2302   adc.o
       168          4          0          0          0       5444   ahrs_middleware.o
      2338         40         18         44          0      10579   bmi088driver.o
       140         28          0          0          0       4816   bmi088middleware.o
       288         44          0          4         16     621432   bsp_adc.o
        36         12          0          0          0        985   bsp_buzzer.o
        92          8          0          0          0        586   bsp_can.o
       128         20          0          8          0       1324   bsp_delay.o
       694        108          0         16          0       4061   bsp_flash.o
       124         14          0          0          0        514   bsp_i2c.o
        12          4          0          0          0        498   bsp_imu_pwm.o
        32         10          0          0          0        903   bsp_laser.o
       104         22          0          8          0        588   bsp_led.o
       260         28          0          0          0       1963   bsp_rc.o
        12          4          0          0          0        504   bsp_servo_pwm.o
     10428        170          0          0          0       5654   bsp_spi.o
       764         62          0          0          0       2840   bsp_usart.o
      2366        120         15        118        372      18146   calibrate_task.o
       496         44          0          4         80       2394   can.o
      1436        134          0         37        264      11954   can_receive.o
       778         38          0          1          0      14766   chassis_behaviour.o
      1240        112          0         24          0       3149   chassis_power_control.o
      4990        260         56         44        764      15228   chassis_task.o
       158          0          0          0          0      22566   cmsis_os.o
        84         18          0          8          0       1455   crc.o
       234         16        770          2          0       4441   crc8_crc16.o
      1332         44         96          9        612       3833   detect_task.o
       184          6          0          0          0        830   dma.o
         0          0          0          0          0      17852   event_groups.o
       258          0          0          0          0       9179   fifo.o
       520         88        521         72       1728       8323   freertos.o
      1992        158          0         18          0       8859   gimbal_behaviour.o
      3980        278         24         24        596      19619   gimbal_task.o
       596         30          0          0          0       1307   gpio.o
       692         62          0         24      24576       4783   heap_4.o
       700         80          0          0        348       3044   i2c.o
      4304        332         24        160        316      13669   ins_task.o
       148          6         12          0          0       1455   ist8310driver.o
       136         22          0          0          0       3979   ist8310driver_middleware.o
       432         10          0         28          0       1653   led_flow_task.o
       148          0          0          0          0       3574   list.o
       346         14          0          0          0     814008   main.o
       858         16          0          0          0       3912   pid.o
      1014         92          0         12          0      12041   port.o
      1914         20          0          0         64      14684   queue.o
       832        202          0         39         99       7678   referee.o
       684         50          0          2       2209       3927   referee_usart_task.o
       654         44          0          3        114       3845   remote_control.o
      1468         58        770          8          0      12766   rm_cilent_ui.o
        84         18          0          0         16       1455   rng.o
        76         16          0          0         32       1403   rtc.o
       176         30          0         15          0       2147   servo_task.o
      2800        244         36         32        360      10177   shoot.o
       604         54          0          0        368       2544   spi.o
        64         26        392          0      16384        844   startup_stm32f407xx.o
       212         36          0          9          0       4557   stm32f4xx_hal.o
      1370         54          0          0          0       5114   stm32f4xx_hal_adc.o
      2136          6          0          0          0      14299   stm32f4xx_hal_can.o
       372         30          0          0          0      35110   stm32f4xx_hal_cortex.o
        36          0          0          0          0       1039   stm32f4xx_hal_crc.o
      1034         16          8          0          0       3888   stm32f4xx_hal_dma.o
       636         64          0          0         32       5958   stm32f4xx_hal_flash.o
       432         26          0          0          0       3254   stm32f4xx_hal_flash_ex.o
       568         50          0          0          0       3618   stm32f4xx_hal_gpio.o
      2772         46          0          0          0      11598   stm32f4xx_hal_i2c.o
        84          6          0          0          0        834   stm32f4xx_hal_msp.o
      3242         18          0          0          0      12893   stm32f4xx_hal_pcd.o
        90          0          0          0          0       2433   stm32f4xx_hal_pcd_ex.o
      1732         84          0          0          0       5528   stm32f4xx_hal_rcc.o
       416         20          0          0          0       1408   stm32f4xx_hal_rcc_ex.o
        52          0          0          0          0       1067   stm32f4xx_hal_rng.o
       336          4          0          0          0       2612   stm32f4xx_hal_rtc.o
       970          8          0          0          0       4501   stm32f4xx_hal_spi.o
      2030         90          0          0          0      17237   stm32f4xx_hal_tim.o
       204          0          0          0          0       3261   stm32f4xx_hal_tim_ex.o
       986          8          0          0          0       1804   stm32f4xx_hal_uart.o
       210         44          0          0          0       8630   stm32f4xx_it.o
      3696        112          0          0          0      22622   stm32f4xx_ll_usb.o
         0          0          0          0          0        416   stream_buffer.o
       100         18         24          4          0       1155   system_stm32f4xx.o
      4794        536          0         68        240      36909   tasks.o
       300         32          0         11          0       2032   test_task.o
      2156        160          0          0        384       6803   tim.o
      1238        124          0         20        280      27083   timers.o
      2610         40       5760          0          0       8414   ui_car.o
      3758        364          0         12        493       7263   ui_label.o
       424         52          0          0          0       2472   ui_progressbar.o
       924         90          0          0        576       3420   usart.o
        76         16          0          0        668        744   usb_device.o
       626         64          0          0         91      12629   usb_task.o
       964         24          0        271          0      13470   usbd_cdc.o
       268         38          0         32       2124       4756   usbd_cdc_if.o
       990         18          0          0       1032      15676   usbd_conf.o
       886          0          0          0          0      12969   usbd_core.o
      1944         28          0          1          0      11060   usbd_ctlreq.o
       386        122          0         78        512       6613   usbd_desc.o
       174          0          0          0          0       4712   usbd_ioreq.o
       440          8          0          0          0       4983   user_lib.o
      2224        186          0         10        504      13414   user_task.o
       210         10          0        457       2756      34865   vision.o
       300         62          0          8          0       1540   voltage_task.o

    ----------------------------------------------------------------------
    104314       6076       8568       1776      59160    2159145   Object Totals
         0          0         32          0          0          0   (incl. Generated)
       112          0         10         31          6          0   (incl. Padding)

    ----------------------------------------------------------------------

      Code (inc. data)   RO Data    RW Data    ZI Data      Debug   Library Member Name

      2718         84         12         16          0       9922   ahrs.o
         0          0       2052          0          0       4636   arm_common_tables.o
       120         12          0          0          0      16970   arm_cos_f32.o
       116         12          0          0          0        658   arm_sin_f32.o
        90          0          0          0          0          0   __dczerorl2.o
         8          0          0          0          0         68   __main.o
       284          0          0          0          0        156   __printf_wp.o
         0          0          0          0          0          0   __rtentry.o
        12          0          0          0          0          0   __rtentry2.o
         6          0          0          0          0          0   __rtentry4.o
        52          8          0          0          0          0   __scatter.o
        28          0          0          0          0          0   __scatter_zi.o
        48          4          0          0          0         84   _fptrap.o
         6          0          0          0          0          0   _printf_c.o
        44          0          0          0          0        108   _printf_char.o
        48          6          0          0          0         96   _printf_char_common.o
         6          0          0          0          0          0   _printf_d.o
       120         16          0          0          0         92   _printf_dec.o
         6          0          0          0          0          0   _printf_f.o
      1054          0          0          0          0        216   _printf_fp_dec.o
       128         16          0          0          0         84   _printf_fp_infnan.o
       178          0          0          0          0         88   _printf_intcommon.o
         0          0          0          0          0          0   _printf_percent.o
         4          0          0          0          0          0   _printf_percent_end.o
        82          0          0          0          0         80   _printf_str.o
         6          0          0          0          0          0   _printf_u.o
        22          0          0          0          0        100   _rserrno.o
        10          0          0          0          0         68   _sputc.o
        16          0          0          0          0         68   aeabi_memset.o
       228          4        148          0          0         96   bigflt0.o
      1936        128          0          0          0        672   btod.o
        10          0          0          0          0         68   defsig_exit.o
       172        110          0          0          0         76   defsig_fpe_inner.o
        14          0          0          0          0         80   defsig_fpe_outer.o
        50          0          0          0          0         88   defsig_general.o
        80         58          0          0          0         76   defsig_rtmem_inner.o
        14          0          0          0          0         80   defsig_rtmem_outer.o
        18          0          0          0          0         80   exit.o
        94          0          0          0          0         80   h1_alloc.o
        52          0          0          0          0         68   h1_extend.o
        78          0          0          0          0         80   h1_free.o
        14          0          0          0          0         84   h1_init.o
         6          0          0          0          0        152   heapauxi.o
         4          0          0          0          0        136   hguard.o
         0          0          0          0          0          0   indicate_semi.o
       138          0          0          0          0        168   init_alloc.o
        44         10         28          0          0         76   lc_numeric_c.o
         2          0          0          0          0          0   libinit.o
        30          0          0          0          0          0   libinit2.o
         2          0          0          0          0          0   libshutdown.o
         2          0          0          0          0          0   libshutdown2.o
         8          4          0          0         96         68   libspace.o
       138          0          0          0          0         80   lludiv10.o
       238          0          0          0          0        100   lludivv7m.o
         0          0          0          0          0          0   maybetermalloc1.o
        88          0          0          0          0         76   memcmp.o
        40          6          0          0          0         84   noretval__2sprintf.o
         8          4          0          0          0         68   rt_errno_addr_intlibspace.o
         8          4          0          0          0         68   rt_heap_descriptor_intlibspace.o
         8          4          0          0          0         68   rt_locale_intlibspace.o
        68          0          0          0          0         68   rt_memclr.o
        78          0          0          0          0         80   rt_memclr_w.o
       138          0          0          0          0         68   rt_memcpy_v6.o
       100          0          0          0          0         80   rt_memcpy_w.o
         2          0          0          0          0          0   rtexit.o
        10          0          0          0          0          0   rtexit2.o
       128          0          0          0          0         68   strcmpv7m.o
        72          0          0          0          0         80   strcpy.o
        62          0          0          0          0         76   strlen.o
        12          4          0          0          0         68   sys_exit.o
        74          0          0          0          0         80   sys_stackheap_outer.o
        14          0          0          0          0         76   sys_wrch.o
         2          0          0          0          0         68   use_no_semi.o
        24          0          0          0          0        164   basic.o
       708         16          0          0          0        140   d2f_clz.o
      1336         32          0          0          0        532   daddsub_clz.o
        28          0          0          0          0        116   dcheck1.o
       280         16          0          0          0        228   dcmp4.o
        24          0          0          0          0        116   dcmpi.o
       892        152          0          0          0        292   ddiv_clz.o
       200         16          0          0          0        184   dfix.o
       220         16          0          0          0        192   dfixu.o
       110          0          0          0          0        348   dflt_clz.o
       120          8          0          0          0        140   dleqf.o
       448         16          0          0          0        164   dmul_clz.o
       258          4          0          0          0        156   dnaninf.o
       112          0          0          0          0        160   drenorm_clz.o
        12          0          0          0          0        116   dretinf.o
        98          0          0          0          0        128   drleqf.o
       520         56          0          0          0        180   dsqrt_umaalclz.o
       378          0          0          0          0        168   dunder_clz.o
       492         36          0          0          0        148   except.o
       122          8          0          0          0        132   f2d.o
       242          4          0          0          0        144   fnaninf.o
        10          0          0          0          0        116   fpinit.o
        10          0          0          0          0        116   fretinf.o
       316          0          0          0          0        132   funder_clz.o
        32          4          0          0          0        116   istatus.o
         4          0          0          0          0        116   printf1.o
       178          0          0          0          0        116   retnan.o
       276          4          0          0          0        124   scalbn_clz.o
       126          0          0          0          0        148   trapv.o
         0          0          0          0          0          0   usenofp.o
       300         42          0          0          0        176   asinf.o
       684         90          0          0          0        208   atan2f.o
       200         20          0          0          0        164   cos.o
       368         46         48          0          0        200   cos_i.o
       336         56          0          0          0        136   cosf.o
       184         44          0          0          0        744   dunder.o
       856        142         88          0          0        288   exp.o
        44          0          0          0          0        248   fabs.o
       116          0          0          0          0        164   fmin.o
        48          0          0          0          0        124   fpclassify.o
        38          0          0          0          0        116   fpclassifyf.o
        44         12          0          0          0        464   funder.o
       248          0          0          0          0        152   poly.o
      3152        296        136          0          0        352   pow.o
         0          0          8          0          0          0   qnan.o
      1080        142        200          0          0        188   rred.o
       340         24         32          0          0        160   rredf.o
       200         20          0          0          0        164   sin.o
       304         24         40          0          0        208   sin_i.o
       400         56          0          0          0        212   sinf.o
       232          0          0          0          0        296   sqrt_full.o
       120          0          0          0          0        272   sqrtf_full.o

    ----------------------------------------------------------------------
     26410       1900       2792         16         96      47046   Library Totals
        44          4          0          0          0          0   (incl. Padding)

    ----------------------------------------------------------------------

      Code (inc. data)   RO Data    RW Data    ZI Data      Debug   Library Name

      2718         84         12         16          0       9922   AHRS.lib
       236         24       2052          0          0      22264   arm_cortexM4lf_math.lib
      6542        386        176          0         96       4892   c_w.l
      7576        388          0          0          0       4932   g_wm.l
      9294       1014        552          0          0       5036   m_wm.l

    ----------------------------------------------------------------------
     26410       1900       2792         16         96      47046   Library Totals

    ----------------------------------------------------------------------

==============================================================================


      Code (inc. data)   RO Data    RW Data    ZI Data      Debug   

    130724       7976      11360       1792      59256    2130231   Grand Totals
    130724       7976      11360        492      59256    2130231   ELF Image Totals (compressed)
    130724       7976      11360        492          0          0   ROM Totals

==============================================================================

    Total RO  Size (Code + RO Data)               142084 ( 138.75kB)
    Total RW  Size (RW Data + ZI Data)             61048 (  59.62kB)
    Total ROM Size (Code + RO Data + RW Data)     142576 ( 139.23kB)

==============================================================================

